Component: Arm Compiler for Embedded 6.22 Tool: armlink [5ee90200]

==============================================================================

Section Cross References

    startup_lpc17xx.o(STACK) refers (Special) to heapauxi.o(.text) for __use_two_region_memory
    startup_lpc17xx.o(HEAP) refers (Special) to heapauxi.o(.text) for __use_two_region_memory
    startup_lpc17xx.o(RESET) refers (Special) to heapauxi.o(.text) for __use_two_region_memory
    startup_lpc17xx.o(RESET) refers to startup_lpc17xx.o(STACK) for __initial_sp
    startup_lpc17xx.o(RESET) refers to startup_lpc17xx.o(.text) for Reset_Handler
    startup_lpc17xx.o(RESET) refers to irq_timer.o(.text) for TIMER0_IRQHandler
    startup_lpc17xx.o(RESET) refers to irq_button.o(.text) for EINT0_IRQHandler
    startup_lpc17xx.o(RESET) refers to irq_adc.o(.text) for ADC_IRQHandler
    startup_lpc17xx.o(RESET) refers to irq_can.o(.text) for CAN_IRQHandler
    startup_lpc17xx.o(RESET) refers to irq_rit.o(.text) for RIT_IRQHandler
    startup_lpc17xx.o(.ARM.__at_0x02FC) refers (Special) to heapauxi.o(.text) for __use_two_region_memory
    startup_lpc17xx.o(.text) refers (Special) to heapauxi.o(.text) for __use_two_region_memory
    startup_lpc17xx.o(.text) refers to __main.o(!!!main) for __main
    startup_lpc17xx.o(.text) refers to startup_lpc17xx.o(HEAP) for Heap_Mem
    startup_lpc17xx.o(.text) refers to startup_lpc17xx.o(STACK) for Stack_Mem
    sample.o(.text) refers (Special) to _printf_percent.o(.ARM.Collect$$_printf_percent$$00000000) for _printf_percent
    sample.o(.text) refers (Special) to _printf_d.o(.ARM.Collect$$_printf_percent$$00000009) for _printf_d
    sample.o(.text) refers (Special) to _printf_dec.o(.text) for _printf_int_dec
    sample.o(.text) refers to glcd.o(.text) for LCD_SetPoint
    sample.o(.text) refers to sample.o(.bss.xGhost) for xGhost
    sample.o(.text) refers to sample.o(.bss.xPacMan) for xPacMan
    sample.o(.text) refers to sample.o(.bss.yGhost) for yGhost
    sample.o(.text) refers to sample.o(.bss.yPacMan) for yPacMan
    sample.o(.text) refers to sample.o(.data.xPacManPrecedente) for xPacManPrecedente
    sample.o(.text) refers to sample.o(.data.yPacManPrecedente) for yPacManPrecedente
    sample.o(.text) refers to irq_timer.o(.data.blueGhost) for blueGhost
    sample.o(.text) refers to sample.o(.data.vite) for vite
    sample.o(.text) refers to irq_timer.o(.bss.mosse) for mosse
    sample.o(.text) refers to irq_rit.o(.data.direzione) for direzione
    sample.o(.text) refers to irq_timer.o(.bss.contatore) for contatore
    sample.o(.text) refers to lib_timer.o(.text) for disable_timer
    sample.o(.text) refers to lib_rit.o(.text) for disable_RIT
    sample.o(.text) refers to irq_timer.o(.bss.gameOver) for gameOver
    sample.o(.text) refers to irq_rit.o(.text) for cambiaStato
    sample.o(.text) refers to irq_timer.o(.bss.startWaiting) for startWaiting
    sample.o(.text) refers to sample.o(.bss.score) for score
    sample.o(.text) refers to sample.o(.bss.ghostEaten) for ghostEaten
    sample.o(.text) refers to irq_timer.o(.bss.timerFantasma) for timerFantasma
    sample.o(.text) refers to sample.o(.data.matrice) for matrice
    sample.o(.text) refers to music.o(.text) for isNotePlaying
    sample.o(.text) refers to sample.o(.bss.drawPacMan.ticks) for drawPacMan.ticks
    sample.o(.text) refers to sample.o(.bss.drawPacMan.sirenaPlayed) for drawPacMan.sirenaPlayed
    sample.o(.text) refers to irq_timer.o(.data.sirena) for sirena
    sample.o(.text) refers to sample.o(.bss.drawPacMan.firstTime) for drawPacMan.firstTime
    sample.o(.text) refers to sample.o(.bss.value) for value
    sample.o(.text) refers to sample.o(.rodata.str1.1) for .L.str
    sample.o(.text) refers to noretval__2sprintf.o(.text) for __2sprintf
    sample.o(.text) refers to system_lpc17xx.o(.text) for SystemInit
    sample.o(.text) refers to lib_can.o(.text) for CAN_Init
    sample.o(.text) refers to sys_time.o(.text) for time
    sample.o(.text) refers to rand.o(.text) for srand
    sample.o(.text) refers to rand.o(.emb_text) for rand
    sample.o(.text) refers to irq_rit.o(.bss.momentoTimer) for momentoTimer
    sample.o(.text) refers to lib_joystick.o(.text) for joystick_init
    sample.o(.text) refers to lib_button.o(.text) for BUTTON_init
    sample.o(.text) refers to lib_adc.o(.text) for ADC_init
    sample.o(.text) refers to sample.o(.data.scoreStr) for scoreStr
    sample.o(.ARM.exidx) refers (Special) to _printf_percent.o(.ARM.Collect$$_printf_percent$$00000000) for _printf_percent
    sample.o(.ARM.exidx) refers (Special) to _printf_d.o(.ARM.Collect$$_printf_percent$$00000009) for _printf_d
    sample.o(.ARM.exidx) refers (Special) to _printf_dec.o(.text) for _printf_int_dec
    sample.o(.ARM.exidx) refers to sample.o(.text) for [Anonymous Symbol]
[...]
    rand.o(.emb_text) refers to rand.o(.text) for _rand_init
    rand.o(.emb_text) refers to rand.o(.bss) for _random_number_data
    rand.o(.text) refers (Special) to libinit2.o(.ARM.Collect$$libinit$$0000000F) for __rt_lib_init_rand_2
    rand.o(.text) refers to rand.o(.bss) for .bss
    rand.o(.bss) refers (Special) to libinit2.o(.ARM.Collect$$libinit$$0000000F) for __rt_lib_init_rand_2
    rt_memcpy_v6.o(.text) refers to rt_memcpy_w.o(.text) for __aeabi_memcpy4
    __main.o(!!!main) refers to __rtentry.o(.ARM.Collect$$rtentry$$00000000) for __rt_entry
    __rtentry.o(.ARM.Collect$$rtentry$$00000000) refers (Special) to __rtentry2.o(.ARM.Collect$$rtentry$$0000000A) for __rt_entry_li
    __rtentry.o(.ARM.Collect$$rtentry$$00000000) refers (Special) to __rtentry2.o(.ARM.Collect$$rtentry$$0000000D) for __rt_entry_main
    __rtentry.o(.ARM.Collect$$rtentry$$00000000) refers (Special) to __rtentry2.o(.ARM.Collect$$rtentry$$0000000C) for __rt_entry_postli_1
    __rtentry.o(.ARM.Collect$$rtentry$$00000000) refers (Special) to __rtentry2.o(.ARM.Collect$$rtentry$$00000009) for __rt_entry_postsh_1
    __rtentry.o(.ARM.Collect$$rtentry$$00000000) refers (Special) to __rtentry2.o(.ARM.Collect$$rtentry$$00000002) for __rt_entry_presh_1
    __rtentry.o(.ARM.Collect$$rtentry$$00000000) refers (Special) to __rtentry4.o(.ARM.Collect$$rtentry$$00000004) for __rt_entry_sh
    _printf_char_common.o(.text) refers to __printf.o(.text) for __printf
    libinit2.o(.ARM.Collect$$libinit$$0000000F) refers (Weak) to rand.o(.text) for _rand_init
    libinit2.o(.ARM.Collect$$libinit$$00000012) refers to libinit2.o(.ARM.Collect$$libinit$$00000011) for .ARM.Collect$$libinit$$00000011
    libinit2.o(.ARM.Collect$$libinit$$00000014) refers to libinit2.o(.ARM.Collect$$libinit$$00000011) for .ARM.Collect$$libinit$$00000011
    libinit2.o(.ARM.Collect$$libinit$$00000016) refers to libinit2.o(.ARM.Collect$$libinit$$00000011) for .ARM.Collect$$libinit$$00000011
    libinit2.o(.ARM.Collect$$libinit$$00000018) refers to libinit2.o(.ARM.Collect$$libinit$$00000011) for .ARM.Collect$$libinit$$00000011
    libinit2.o(.ARM.Collect$$libinit$$0000001A) refers to libinit2.o(.ARM.Collect$$libinit$$00000011) for .ARM.Collect$$libinit$$00000011
    libinit2.o(.ARM.Collect$$libinit$$00000028) refers to argv_veneer.o(.emb_text) for __ARM_argv_veneer
    libinit2.o(.ARM.Collect$$libinit$$00000029) refers to argv_veneer.o(.emb_text) for __ARM_argv_veneer
    __rtentry2.o(.ARM.Collect$$rtentry$$00000008) refers to boardinit2.o(.text) for _platform_post_stackheap_init
    __rtentry2.o(.ARM.Collect$$rtentry$$0000000A) refers to libinit.o(.ARM.Collect$$libinit$$00000000) for __rt_lib_init
    __rtentry2.o(.ARM.Collect$$rtentry$$0000000B) refers to boardinit3.o(.text) for _platform_post_lib_init
    __rtentry2.o(.ARM.Collect$$rtentry$$0000000D) refers to sample.o(.text) for main
    __rtentry2.o(.ARM.Collect$$rtentry$$0000000D) refers to exit.o(.text) for exit
    __rtentry2.o(.ARM.exidx) refers to __rtentry2.o(.ARM.Collect$$rtentry$$00000001) for .ARM.Collect$$rtentry$$00000001
    __rtentry2.o(.ARM.exidx) refers to __rtentry2.o(.ARM.Collect$$rtentry$$00000008) for .ARM.Collect$$rtentry$$00000008
    __rtentry2.o(.ARM.exidx) refers to __rtentry2.o(.ARM.Collect$$rtentry$$0000000A) for .ARM.Collect$$rtentry$$0000000A
    __rtentry2.o(.ARM.exidx) refers to __rtentry2.o(.ARM.Collect$$rtentry$$0000000B) for .ARM.Collect$$rtentry$$0000000B
    __rtentry2.o(.ARM.exidx) refers to __rtentry2.o(.ARM.Collect$$rtentry$$0000000D) for .ARM.Collect$$rtentry$$0000000D
    __rtentry4.o(.ARM.Collect$$rtentry$$00000004) refers to sys_stackheap_outer.o(.text) for __user_setup_stackheap
    __rtentry4.o(.ARM.exidx) refers to __rtentry4.o(.ARM.Collect$$rtentry$$00000004) for .ARM.Collect$$rtentry$$00000004
    argv_veneer.o(.emb_text) refers to no_argv.o(.text) for __ARM_get_argv
    sys_stackheap_outer.o(.text) refers to libspace.o(.text) for __user_perproc_libspace
    sys_stackheap_outer.o(.text) refers to startup_lpc17xx.o(.text) for __user_initial_stackheap
    exit.o(.text) refers to rtexit.o(.ARM.Collect$$rtexit$$00000000) for __rt_exit
    _get_argv_nomalloc.o(.text) refers (Special) to hrguard.o(.text) for __heap_region$guard
    _get_argv_nomalloc.o(.text) refers to defsig_rtmem_outer.o(.text) for __rt_SIGRTMEM
    _get_argv_nomalloc.o(.text) refers to sys_command.o(.text) for _sys_command_string
    libinit.o(.ARM.Collect$$libinit$$00000000) refers (Special) to libinit2.o(.ARM.Collect$$libinit$$00000030) for __rt_lib_init_alloca_1
    libinit.o(.ARM.Collect$$libinit$$00000000) refers (Special) to libinit2.o(.ARM.Collect$$libinit$$0000002E) for __rt_lib_init_argv_1
    libinit.o(.ARM.Collect$$libinit$$00000000) refers (Special) to libinit2.o(.ARM.Collect$$libinit$$0000001D) for __rt_lib_init_atexit_1
    libinit.o(.ARM.Collect$$libinit$$00000000) refers (Special) to libinit2.o(.ARM.Collect$$libinit$$00000023) for __rt_lib_init_clock_1
    libinit.o(.ARM.Collect$$libinit$$00000000) refers (Special) to libinit2.o(.ARM.Collect$$libinit$$00000034) for __rt_lib_init_cpp_1
    libinit.o(.ARM.Collect$$libinit$$00000000) refers (Special) to libinit2.o(.ARM.Collect$$libinit$$00000032) for __rt_lib_init_exceptions_1
    libinit.o(.ARM.Collect$$libinit$$00000000) refers (Special) to libinit2.o(.ARM.Collect$$libinit$$00000002) for __rt_lib_init_fp_1
    libinit.o(.ARM.Collect$$libinit$$00000000) refers (Special) to libinit2.o(.ARM.Collect$$libinit$$00000021) for __rt_lib_init_fp_trap_1
    libinit.o(.ARM.Collect$$libinit$$00000000) refers (Special) to libinit2.o(.ARM.Collect$$libinit$$00000025) for __rt_lib_init_getenv_1
    libinit.o(.ARM.Collect$$libinit$$00000000) refers (Special) to libinit2.o(.ARM.Collect$$libinit$$0000000C) for __rt_lib_init_heap_1
    libinit.o(.ARM.Collect$$libinit$$00000000) refers (Special) to libinit2.o(.ARM.Collect$$libinit$$00000013) for __rt_lib_init_lc_collate_1
    libinit.o(.ARM.Collect$$libinit$$00000000) refers (Special) to libinit2.o(.ARM.Collect$$libinit$$00000015) for __rt_lib_init_lc_ctype_1
    libinit.o(.ARM.Collect$$libinit$$00000000) refers (Special) to libinit2.o(.ARM.Collect$$libinit$$00000017) for __rt_lib_init_lc_monetary_1
    libinit.o(.ARM.Collect$$libinit$$00000000) refers (Special) to libinit2.o(.ARM.Collect$$libinit$$00000019) for __rt_lib_init_lc_numeric_1
    libinit.o(.ARM.Collect$$libinit$$00000000) refers (Special) to libinit2.o(.ARM.Collect$$libinit$$0000001B) for __rt_lib_init_lc_time_1
    libinit.o(.ARM.Collect$$libinit$$00000000) refers (Special) to libinit2.o(.ARM.Collect$$libinit$$00000006) for __rt_lib_init_preinit_1
    libinit.o(.ARM.Collect$$libinit$$00000000) refers (Special) to libinit2.o(.ARM.Collect$$libinit$$00000010) for __rt_lib_init_rand_1
    libinit.o(.ARM.Collect$$libinit$$00000000) refers (Special) to libinit2.o(.ARM.Collect$$libinit$$00000004) for __rt_lib_init_relocate_pie_1
    libinit.o(.ARM.Collect$$libinit$$00000000) refers (Special) to libinit2.o(.ARM.Collect$$libinit$$00000035) for __rt_lib_init_return
    libinit.o(.ARM.Collect$$libinit$$00000000) refers (Special) to libinit2.o(.ARM.Collect$$libinit$$0000001F) for __rt_lib_init_signal_1
    libinit.o(.ARM.Collect$$libinit$$00000000) refers (Special) to libinit2.o(.ARM.Collect$$libinit$$00000027) for __rt_lib_init_stdio_1
    libinit.o(.ARM.Collect$$libinit$$00000000) refers (Special) to libinit2.o(.ARM.Collect$$libinit$$0000000E) for __rt_lib_init_user_alloc_1
    sys_command.o(.text) refers (Special) to use_no_semi.o(.text) for __I$use$semihosting
    sys_command.o(.text) refers (Special) to indicate_semi.o(.text) for __semihosting_library_function
    sys_command_hlt.o(.text) refers (Special) to use_no_semi.o(.text) for __I$use$semihosting
    sys_command_hlt.o(.text) refers (Special) to indicate_semi.o(.text) for __semihosting_library_function
    libspace.o(.text) refers to libspace.o(.bss) for __libspace_start
    rtexit.o(.ARM.Collect$$rtexit$$00000000) refers (Special) to rtexit2.o(.ARM.Collect$$rtexit$$00000004) for __rt_exit_exit
    rtexit.o(.ARM.Collect$$rtexit$$00000000) refers (Special) to rtexit2.o(.ARM.Collect$$rtexit$$00000003) for __rt_exit_ls
    rtexit.o(.ARM.Collect$$rtexit$$00000000) refers (Special) to rtexit2.o(.ARM.Collect$$rtexit$$00000002) for __rt_exit_prels_1
    rtexit.o(.ARM.exidx) refers (Special) to rtexit2.o(.ARM.Collect$$rtexit$$00000004) for __rt_exit_exit
    rtexit.o(.ARM.exidx) refers (Special) to rtexit2.o(.ARM.Collect$$rtexit$$00000003) for __rt_exit_ls
    rtexit.o(.ARM.exidx) refers (Special) to rtexit2.o(.ARM.Collect$$rtexit$$00000002) for __rt_exit_prels_1
    rtexit.o(.ARM.exidx) refers to rtexit.o(.ARM.Collect$$rtexit$$00000000) for .ARM.Collect$$rtexit$$00000000
    defsig_rtmem_outer.o(.text) refers to defsig_rtmem_inner.o(.text) for __rt_SIGRTMEM_inner
    defsig_rtmem_outer.o(.text) refers to defsig_exit.o(.text) for __sig_exit
    defsig_rtmem_formal.o(.text) refers to rt_raise.o(.text) for __rt_raise
    rtexit2.o(.ARM.Collect$$rtexit$$00000003) refers to libshutdown.o(.ARM.Collect$$libshutdown$$00000000) for __rt_lib_shutdown
    rtexit2.o(.ARM.Collect$$rtexit$$00000004) refers to sys_exit.o(.text) for _sys_exit
    rtexit2.o(.ARM.exidx) refers to rtexit2.o(.ARM.Collect$$rtexit$$00000001) for .ARM.Collect$$rtexit$$00000001
    rtexit2.o(.ARM.exidx) refers to rtexit2.o(.ARM.Collect$$rtexit$$00000003) for .ARM.Collect$$rtexit$$00000003
    rtexit2.o(.ARM.exidx) refers to rtexit2.o(.ARM.Collect$$rtexit$$00000004) for .ARM.Collect$$rtexit$$00000004
    rt_raise.o(.text) refers to __raise.o(.text) for __raise
    rt_raise.o(.text) refers to sys_exit.o(.text) for _sys_exit
    defsig_exit.o(.text) refers to sys_exit.o(.text) for _sys_exit
    defsig_rtmem_inner.o(.text) refers to defsig_general.o(.text) for __default_signal_display
    sys_exit.o(.text) refers (Special) to use_no_semi.o(.text) for __I$use$semihosting
    sys_exit.o(.text) refers (Special) to indicate_semi.o(.text) for __semihosting_library_function
    sys_exit_hlt.o(.text) refers (Special) to use_no_semi.o(.text) for __I$use$semihosting
    sys_exit_hlt.o(.text) refers (Special) to indicate_semi.o(.text) for __semihosting_library_function
    __raise.o(.text) refers to defsig.o(CL$$defsig) for __default_signal_handler
    defsig_general.o(.text) refers to sys_wrch.o(.text) for _ttywrch
    libshutdown.o(.ARM.Collect$$libshutdown$$00000000) refers (Special) to libshutdown2.o(.ARM.Collect$$libshutdown$$00000002) for __rt_lib_shutdown_cpp_1
    libshutdown.o(.ARM.Collect$$libshutdown$$00000000) refers (Special) to libshutdown2.o(.ARM.Collect$$libshutdown$$00000007) for __rt_lib_shutdown_fp_trap_1
    libshutdown.o(.ARM.Collect$$libshutdown$$00000000) refers (Special) to libshutdown2.o(.ARM.Collect$$libshutdown$$0000000F) for __rt_lib_shutdown_heap_1
    libshutdown.o(.ARM.Collect$$libshutdown$$00000000) refers (Special) to libshutdown2.o(.ARM.Collect$$libshutdown$$00000010) for __rt_lib_shutdown_return
    libshutdown.o(.ARM.Collect$$libshutdown$$00000000) refers (Special) to libshutdown2.o(.ARM.Collect$$libshutdown$$0000000A) for __rt_lib_shutdown_signal_1
    libshutdown.o(.ARM.Collect$$libshutdown$$00000000) refers (Special) to libshutdown2.o(.ARM.Collect$$libshutdown$$00000004) for __rt_lib_shutdown_stdio_1
    libshutdown.o(.ARM.Collect$$libshutdown$$00000000) refers (Special) to libshutdown2.o(.ARM.Collect$$libshutdown$$0000000C) for __rt_lib_shutdown_user_alloc_1
    sys_wrch.o(.text) refers (Special) to use_no_semi.o(.text) for __I$use$semihosting
    sys_wrch.o(.text) refers (Special) to indicate_semi.o(.text) for __semihosting_library_function
    sys_wrch_hlt.o(.text) refers (Special) to use_no_semi.o(.text) for __I$use$semihosting
    sys_wrch_hlt.o(.text) refers (Special) to indicate_semi.o(.text) for __semihosting_library_function
    defsig.o(CL$$defsig) refers to defsig_rtmem_inner.o(.text) for __rt_SIGRTMEM_inner
    defsig_abrt_inner.o(.text) refers to defsig_general.o(.text) for __default_signal_display
    defsig_fpe_inner.o(.text) refers to defsig_general.o(.text) for __default_signal_display
    defsig_rtred_inner.o(.text) refers to defsig_general.o(.text) for __default_signal_display
    defsig_stak_inner.o(.text) refers to defsig_general.o(.text) for __default_signal_display
    defsig_pvfn_inner.o(.text) refers to defsig_general.o(.text) for __default_signal_display
    defsig_cppl_inner.o(.text) refers to defsig_general.o(.text) for __default_signal_display
    defsig_segv_inner.o(.text) refers to defsig_general.o(.text) for __default_signal_display
    defsig_other.o(.text) refers to defsig_general.o(.text) for __default_signal_display


==============================================================================

Removing Unused input sections from the image.

    Removing sample.o(.ARM.exidx), (56 bytes).
    Removing sample.o(.bss.changeDirection), (4 bytes).
    Removing sample.o(.ARM.use_no_argv), (4 bytes).
    Removing ghost.o(.ARM.exidx), (40 bytes).
    Removing ghost.o(.bss.openedSize), (4 bytes).
    Removing system_lpc17xx.o(.ARM.exidx), (8 bytes).
    Removing irq_timer.o(.ARM.exidx), (32 bytes).
    Removing irq_timer.o(.data.tempo), (4 bytes).
    Removing irq_timer.o(.data.wholeNote), (4 bytes).
    Removing irq_timer.o(.data.pausa), (8 bytes).
    Removing irq_timer.o(.data.direzioneGhost), (4 bytes).
    Removing irq_timer.o(.data.direzioneTemporanea), (4 bytes).
    Removing irq_timer.o(.bss.sirenIsOver), (4 bytes).
    Removing lib_timer.o(.ARM.exidx), (32 bytes).
    Removing asciilib.o(.ARM.exidx), (8 bytes).
    Removing glcd.o(.ARM.exidx), (56 bytes).
    Removing hzlib.o(.text), (36 bytes).
    Removing hzlib.o(.ARM.exidx), (8 bytes).
    Removing hzlib.o(.rodata.HzLib), (216576 bytes).
    Removing irq_button.o(.ARM.exidx), (24 bytes).
    Removing lib_button.o(.ARM.exidx), (8 bytes).
    Removing irq_rit.o(.ARM.exidx), (24 bytes).
    Removing irq_rit.o(.bss.down_1), (4 bytes).
    Removing irq_rit.o(.bss.down_2), (4 bytes).
    Removing irq_rit.o(.bss.areaPausa), (140 bytes).
    Removing lib_rit.o(.ARM.exidx), (32 bytes).
    Removing funct_joystick.o(.text), (4 bytes).
    Removing funct_joystick.o(.ARM.exidx), (8 bytes).
    Removing lib_joystick.o(.ARM.exidx), (8 bytes).
    Removing funct_led.o(.text), (152 bytes).
    Removing funct_led.o(.ARM.exidx), (24 bytes).
    Removing funct_led.o(.rodata.led_mask), (32 bytes).
    Removing lib_led.o(.text), (70 bytes).
    Removing lib_led.o(.ARM.exidx), (16 bytes).
    Removing lib_led.o(.bss.led_value), (1 bytes).
    Removing irq_adc.o(.ARM.exidx), (8 bytes).
    Removing lib_adc.o(.ARM.exidx), (16 bytes).
    Removing music.o(.ARM.exidx), (24 bytes).
    Removing irq_can.o(.ARM.exidx), (8 bytes).
    Removing irq_can.o(.bss.val_RxCoordX), (2 bytes).
    Removing irq_can.o(.bss.val_RxCoordY), (2 bytes).
    Removing lib_can.o(.ARM.exidx), (56 bytes).
    Removing lib_can.o(.rodata.CAN_BIT_TIME), (68 bytes).
    Removing lib_can.o(.bss.CAN_TxMsg), (16 bytes).

44 unused section(s) (total 217643 bytes) removed from the image.

==============================================================================

Image Symbol Table

    Local Symbols

    Symbol Name                              Value     Ov Type        Size  Object(Section)

    ../clib/angel/boardlib.s                 0x00000000   Number         0  boardinit1.o ABSOLUTE
    ../clib/angel/boardlib.s                 0x00000000   Number         0  boardinit2.o ABSOLUTE
    ../clib/angel/boardlib.s                 0x00000000   Number         0  boardinit3.o ABSOLUTE
    ../clib/angel/boardlib.s                 0x00000000   Number         0  boardshut.o ABSOLUTE
    ../clib/angel/dczerorl2.s                0x00000000   Number         0  __dczerorl2.o ABSOLUTE
    ../clib/angel/handlers.s                 0x00000000   Number         0  __scatter_zi.o ABSOLUTE
    ../clib/angel/kernel.s                   0x00000000   Number         0  __rtentry.o ABSOLUTE
    ../clib/angel/kernel.s                   0x00000000   Number         0  __rtentry2.o ABSOLUTE
    ../clib/angel/kernel.s                   0x00000000   Number         0  __rtentry4.o ABSOLUTE
    ../clib/angel/kernel.s                   0x00000000   Number         0  rtexit.o ABSOLUTE
    ../clib/angel/kernel.s                   0x00000000   Number         0  rtexit2.o ABSOLUTE
    ../clib/angel/rt.s                       0x00000000   Number         0  rt_raise.o ABSOLUTE
    ../clib/angel/scatter.s                  0x00000000   Number         0  __scatter.o ABSOLUTE
    ../clib/angel/startup.s                  0x00000000   Number         0  __main.o ABSOLUTE
    ../clib/angel/sys.s                      0x00000000   Number         0  use_no_semi.o ABSOLUTE
    ../clib/angel/sys.s                      0x00000000   Number         0  indicate_semi.o ABSOLUTE
    ../clib/angel/sys.s                      0x00000000   Number         0  sys_stackheap_outer.o ABSOLUTE
    ../clib/angel/sys.s                      0x00000000   Number         0  libspace.o ABSOLUTE
    ../clib/angel/sysapp.c                   0x00000000   Number         0  sys_time.o ABSOLUTE
    ../clib/angel/sysapp.c                   0x00000000   Number         0  sys_time_hlt.o ABSOLUTE
    ../clib/angel/sysapp.c                   0x00000000   Number         0  sys_command.o ABSOLUTE
    ../clib/angel/sysapp.c                   0x00000000   Number         0  sys_command_hlt.o ABSOLUTE
    ../clib/angel/sysapp.c                   0x00000000   Number         0  sys_exit.o ABSOLUTE
    ../clib/angel/sysapp.c                   0x00000000   Number         0  sys_exit_hlt.o ABSOLUTE
    ../clib/angel/sysapp.c                   0x00000000   Number         0  sys_wrch.o ABSOLUTE
    ../clib/angel/sysapp.c                   0x00000000   Number         0  sys_wrch_hlt.o ABSOLUTE
    ../clib/armsys.c                         0x00000000   Number         0  argv_veneer.o ABSOLUTE
    ../clib/armsys.c                         0x00000000   Number         0  argv_veneer.o ABSOLUTE
    ../clib/armsys.c                         0x00000000   Number         0  _get_argv_nomalloc.o ABSOLUTE
    ../clib/armsys.c                         0x00000000   Number         0  no_argv.o ABSOLUTE
    ../clib/heapalloc.c                      0x00000000   Number         0  hrguard.o ABSOLUTE
    ../clib/heapaux.c                        0x00000000   Number         0  heapauxi.o ABSOLUTE
    ../clib/libinit.s                        0x00000000   Number         0  libinit2.o ABSOLUTE
    ../clib/libinit.s                        0x00000000   Number         0  libinit.o ABSOLUTE
    ../clib/libinit.s                        0x00000000   Number         0  libshutdown.o ABSOLUTE
    ../clib/libinit.s                        0x00000000   Number         0  libshutdown2.o ABSOLUTE
    ../clib/memcpset.s                       0x00000000   Number         0  rt_memcpy_v6.o ABSOLUTE
    ../clib/memcpset.s                       0x00000000   Number         0  rt_memcpy_w.o ABSOLUTE
    ../clib/printf.c                         0x00000000   Number         0  __2sprintf.o ABSOLUTE
    ../clib/printf.c                         0x00000000   Number         0  noretval__2sprintf.o ABSOLUTE
    ../clib/printf.c                         0x00000000   Number         0  __printf.o ABSOLUTE
    ../clib/printf.c                         0x00000000   Number         0  _printf_dec.o ABSOLUTE
    ../clib/printf.c                         0x00000000   Number         0  __printf_flags.o ABSOLUTE
    ../clib/printf.c                         0x00000000   Number         0  __printf_ss.o ABSOLUTE
    ../clib/printf.c                         0x00000000   Number         0  __printf_flags_ss.o ABSOLUTE
    ../clib/printf.c                         0x00000000   Number         0  __printf_wp.o ABSOLUTE
    ../clib/printf.c                         0x00000000   Number         0  __printf_flags_wp.o ABSOLUTE
    ../clib/printf.c                         0x00000000   Number         0  __printf_ss_wp.o ABSOLUTE
    ../clib/printf.c                         0x00000000   Number         0  __printf_flags_ss_wp.o ABSOLUTE
    ../clib/printf.c                         0x00000000   Number         0  _printf_intcommon.o ABSOLUTE
    ../clib/printf.c                         0x00000000   Number         0  _printf_char_common.o ABSOLUTE
    ../clib/printf.c                         0x00000000   Number         0  _sputc.o ABSOLUTE
    ../clib/printf.c                         0x00000000   Number         0  __printf_nopercent.o ABSOLUTE
    ../clib/printf_percent.s                 0x00000000   Number         0  _printf_d.o ABSOLUTE
    ../clib/printf_percent.s                 0x00000000   Number         0  _printf_percent.o ABSOLUTE
    ../clib/printf_percent.s                 0x00000000   Number         0  _printf_percent_end.o ABSOLUTE
    ../clib/signal.c                         0x00000000   Number         0  defsig_rtmem_outer.o ABSOLUTE
    ../clib/signal.c                         0x00000000   Number         0  defsig_rtmem_formal.o ABSOLUTE
    ../clib/signal.c                         0x00000000   Number         0  defsig_exit.o ABSOLUTE
    ../clib/signal.c                         0x00000000   Number         0  defsig_rtmem_inner.o ABSOLUTE
    ../clib/signal.c                         0x00000000   Number         0  __raise.o ABSOLUTE
    ../clib/signal.c                         0x00000000   Number         0  defsig_general.o ABSOLUTE
    ../clib/signal.c                         0x00000000   Number         0  defsig_abrt_inner.o ABSOLUTE
    ../clib/signal.c                         0x00000000   Number         0  defsig_fpe_inner.o ABSOLUTE
    ../clib/signal.c                         0x00000000   Number         0  defsig_rtred_inner.o ABSOLUTE
    ../clib/signal.c                         0x00000000   Number         0  defsig_stak_inner.o ABSOLUTE
    ../clib/signal.c                         0x00000000   Number         0  defsig_pvfn_inner.o ABSOLUTE
    ../clib/signal.c                         0x00000000   Number         0  defsig_cppl_inner.o ABSOLUTE
    ../clib/signal.c                         0x00000000   Number         0  defsig_segv_inner.o ABSOLUTE
    ../clib/signal.c                         0x00000000   Number         0  defsig_other.o ABSOLUTE
    ../clib/signal.s                         0x00000000   Number         0  defsig.o ABSOLUTE
    ../clib/stdlib.c                         0x00000000   Number         0  rand.o ABSOLUTE
    ../clib/stdlib.c                         0x00000000   Number         0  rand.o ABSOLUTE
    ../clib/stdlib.c                         0x00000000   Number         0  exit.o ABSOLUTE
    ../fplib/fpinit.s                        0x00000000   Number         0  fpinit.o ABSOLUTE
    ../fplib/fpinit_empty.s                  0x00000000   Number         0  fpinit_empty.o ABSOLUTE
    AsciiLib.c                               0x00000000   Number         0  asciilib.o ABSOLUTE
    GLCD.c                                   0x00000000   Number         0  glcd.o ABSOLUTE
    HzLib.c                                  0x00000000   Number         0  hzlib.o ABSOLUTE
    IRQ_CAN.c                                0x00000000   Number         0  irq_can.o ABSOLUTE
    IRQ_RIT.c                                0x00000000   Number         0  irq_rit.o ABSOLUTE
    IRQ_adc.c                                0x00000000   Number         0  irq_adc.o ABSOLUTE
    IRQ_button.c                             0x00000000   Number         0  irq_button.o ABSOLUTE
    IRQ_timer.c                              0x00000000   Number         0  irq_timer.o ABSOLUTE
    Source\startup_LPC17xx.s                 0x00000000   Number         0  startup_lpc17xx.o ABSOLUTE
    dc.s                                     0x00000000   Number         0  dc.o ABSOLUTE
    funct_joystick.c                         0x00000000   Number         0  funct_joystick.o ABSOLUTE
    funct_led.c                              0x00000000   Number         0  funct_led.o ABSOLUTE
    ghost.c                                  0x00000000   Number         0  ghost.o ABSOLUTE
    lib_CAN.c                                0x00000000   Number         0  lib_can.o ABSOLUTE
    lib_RIT.c                                0x00000000   Number         0  lib_rit.o ABSOLUTE
    lib_adc.c                                0x00000000   Number         0  lib_adc.o ABSOLUTE
    lib_button.c                             0x00000000   Number         0  lib_button.o ABSOLUTE
    lib_joystick.c                           0x00000000   Number         0  lib_joystick.o ABSOLUTE
    lib_led.c                                0x00000000   Number         0  lib_led.o ABSOLUTE
    lib_timer.c                              0x00000000   Number         0  lib_timer.o ABSOLUTE
    music.c                                  0x00000000   Number         0  music.o ABSOLUTE
    sample.c                                 0x00000000   Number         0  sample.o ABSOLUTE
    system_LPC17xx.c                         0x00000000   Number         0  system_lpc17xx.o ABSOLUTE
    RESET                                    0x00000000   Section      204  startup_lpc17xx.o(RESET)
    !!!main                                  0x000000cc   Section        8  __main.o(!!!main)
    !!!scatter                               0x000000d4   Section       92  __scatter.o(!!!scatter)
    !!dczerorl2                              0x00000130   Section       90  __dczerorl2.o(!!dczerorl2)
    !!handler_null                           0x0000018c   Section        2  __scatter.o(!!handler_null)
    !!handler_zi                             0x00000190   Section       28  __scatter_zi.o(!!handler_zi)
    .ARM.Collect$$_printf_percent$$00000000  0x000001ac   Section        0  _printf_percent.o(.ARM.Collect$$_printf_percent$$00000000)
    .ARM.Collect$$_printf_percent$$00000009  0x000001ac   Section        6  _printf_d.o(.ARM.Collect$$_printf_percent$$00000009)
    .ARM.Collect$$_printf_percent$$00000017  0x000001b2   Section        4  _printf_percent_end.o(.ARM.Collect$$_printf_percent$$00000017)
    .ARM.Collect$$libinit$$00000000          0x000001b6   Section        2  libinit.o(.ARM.Collect$$libinit$$00000000)
    .ARM.Collect$$libinit$$00000002          0x000001b8   Section        0  libinit2.o(.ARM.Collect$$libinit$$00000002)
    .ARM.Collect$$libinit$$00000004          0x000001b8   Section        0  libinit2.o(.ARM.Collect$$libinit$$00000004)
    .ARM.Collect$$libinit$$00000006          0x000001b8   Section        0  libinit2.o(.ARM.Collect$$libinit$$00000006)
    .ARM.Collect$$libinit$$0000000C          0x000001b8   Section        0  libinit2.o(.ARM.Collect$$libinit$$0000000C)
    .ARM.Collect$$libinit$$0000000E          0x000001b8   Section        0  libinit2.o(.ARM.Collect$$libinit$$0000000E)
    .ARM.Collect$$libinit$$0000000F          0x000001b8   Section        4  libinit2.o(.ARM.Collect$$libinit$$0000000F)
    .ARM.Collect$$libinit$$00000010          0x000001bc   Section        0  libinit2.o(.ARM.Collect$$libinit$$00000010)
    .ARM.Collect$$libinit$$00000013          0x000001bc   Section        0  libinit2.o(.ARM.Collect$$libinit$$00000013)
    .ARM.Collect$$libinit$$00000015          0x000001bc   Section        0  libinit2.o(.ARM.Collect$$libinit$$00000015)
    .ARM.Collect$$libinit$$00000017          0x000001bc   Section        0  libinit2.o(.ARM.Collect$$libinit$$00000017)
    .ARM.Collect$$libinit$$00000019          0x000001bc   Section        0  libinit2.o(.ARM.Collect$$libinit$$00000019)
    .ARM.Collect$$libinit$$0000001B          0x000001bc   Section        0  libinit2.o(.ARM.Collect$$libinit$$0000001B)
    .ARM.Collect$$libinit$$0000001D          0x000001bc   Section        0  libinit2.o(.ARM.Collect$$libinit$$0000001D)
    .ARM.Collect$$libinit$$0000001F          0x000001bc   Section        0  libinit2.o(.ARM.Collect$$libinit$$0000001F)
    .ARM.Collect$$libinit$$00000021          0x000001bc   Section        0  libinit2.o(.ARM.Collect$$libinit$$00000021)
    .ARM.Collect$$libinit$$00000023          0x000001bc   Section        0  libinit2.o(.ARM.Collect$$libinit$$00000023)
    .ARM.Collect$$libinit$$00000025          0x000001bc   Section        0  libinit2.o(.ARM.Collect$$libinit$$00000025)
    .ARM.Collect$$libinit$$00000027          0x000001bc   Section        0  libinit2.o(.ARM.Collect$$libinit$$00000027)
    .ARM.Collect$$libinit$$0000002E          0x000001bc   Section        0  libinit2.o(.ARM.Collect$$libinit$$0000002E)
    .ARM.Collect$$libinit$$00000030          0x000001bc   Section        0  libinit2.o(.ARM.Collect$$libinit$$00000030)
    .ARM.Collect$$libinit$$00000032          0x000001bc   Section        0  libinit2.o(.ARM.Collect$$libinit$$00000032)
    .ARM.Collect$$libinit$$00000034          0x000001bc   Section        0  libinit2.o(.ARM.Collect$$libinit$$00000034)
    .ARM.Collect$$libinit$$00000035          0x000001bc   Section        2  libinit2.o(.ARM.Collect$$libinit$$00000035)
    .ARM.Collect$$libshutdown$$00000000      0x000001be   Section        2  libshutdown.o(.ARM.Collect$$libshutdown$$00000000)
    .ARM.Collect$$libshutdown$$00000002      0x000001c0   Section        0  libshutdown2.o(.ARM.Collect$$libshutdown$$00000002)
    .ARM.Collect$$libshutdown$$00000004      0x000001c0   Section        0  libshutdown2.o(.ARM.Collect$$libshutdown$$00000004)
    .ARM.Collect$$libshutdown$$00000007      0x000001c0   Section        0  libshutdown2.o(.ARM.Collect$$libshutdown$$00000007)
    .ARM.Collect$$libshutdown$$0000000A      0x000001c0   Section        0  libshutdown2.o(.ARM.Collect$$libshutdown$$0000000A)
    .ARM.Collect$$libshutdown$$0000000C      0x000001c0   Section        0  libshutdown2.o(.ARM.Collect$$libshutdown$$0000000C)
    .ARM.Collect$$libshutdown$$0000000F      0x000001c0   Section        0  libshutdown2.o(.ARM.Collect$$libshutdown$$0000000F)
    .ARM.Collect$$libshutdown$$00000010      0x000001c0   Section        2  libshutdown2.o(.ARM.Collect$$libshutdown$$00000010)
    .ARM.Collect$$rtentry$$00000000          0x000001c2   Section        0  __rtentry.o(.ARM.Collect$$rtentry$$00000000)
    .ARM.Collect$$rtentry$$00000002          0x000001c2   Section        0  __rtentry2.o(.ARM.Collect$$rtentry$$00000002)
    .ARM.Collect$$rtentry$$00000004          0x000001c2   Section        6  __rtentry4.o(.ARM.Collect$$rtentry$$00000004)
    .ARM.Collect$$rtentry$$00000009          0x000001c8   Section        0  __rtentry2.o(.ARM.Collect$$rtentry$$00000009)
    .ARM.Collect$$rtentry$$0000000A          0x000001c8   Section        4  __rtentry2.o(.ARM.Collect$$rtentry$$0000000A)
    .ARM.Collect$$rtentry$$0000000C          0x000001cc   Section        0  __rtentry2.o(.ARM.Collect$$rtentry$$0000000C)
    .ARM.Collect$$rtentry$$0000000D          0x000001cc   Section        8  __rtentry2.o(.ARM.Collect$$rtentry$$0000000D)
    .ARM.Collect$$rtexit$$00000000           0x000001d4   Section        2  rtexit.o(.ARM.Collect$$rtexit$$00000000)
    .ARM.Collect$$rtexit$$00000002           0x000001d6   Section        0  rtexit2.o(.ARM.Collect$$rtexit$$00000002)
    .ARM.Collect$$rtexit$$00000003           0x000001d6   Section        4  rtexit2.o(.ARM.Collect$$rtexit$$00000003)
    .ARM.Collect$$rtexit$$00000004           0x000001da   Section        6  rtexit2.o(.ARM.Collect$$rtexit$$00000004)
    .emb_text                                0x000001e0   Section       52  rand.o(.emb_text)
    .text                                    0x00000214   Section       52  startup_lpc17xx.o(.text)
    [Anonymous Symbol]                       0x00000248   Section        0  asciilib.o(.text)
    [Anonymous Symbol]                       0x00000274   Section        0  lib_button.o(.text)
    .text                                    0x000002dc   Section        0  sys_time.o(.text)
    .text                                    0x000002ee   Section        0  heapauxi.o(.text)
    .text                                    0x000002f4   Section        2  use_no_semi.o(.text)
    .L.str                                   0x000002f6   Data           3  sample.o(.rodata.str1.1)
    [Anonymous Symbol]                       0x000002f6   Section        0  sample.o(.rodata.str1.1)
    .text                                    0x000002f6   Section        0  indicate_semi.o(.text)
    .ARM.__at_0x02FC                         0x000002fc   Section        4  startup_lpc17xx.o(.ARM.__at_0x02FC)
    [Anonymous Symbol]                       0x00000300   Section        0  sample.o(.text)
    [Anonymous Symbol]                       0x00001024   Section        0  ghost.o(.text)
    [Anonymous Symbol]                       0x0000169c   Section        0  system_lpc17xx.o(.text)
    [Anonymous Symbol]                       0x000017ec   Section        0  irq_timer.o(.text)
    [Anonymous Symbol]                       0x00002060   Section        0  lib_timer.o(.text)
    [Anonymous Symbol]                       0x0000217c   Section        0  glcd.o(.text)
    [Anonymous Symbol]                       0x000038a4   Section        0  irq_button.o(.text)
    [Anonymous Symbol]                       0x00003940   Section        0  irq_rit.o(.text)
    [Anonymous Symbol]                       0x00003d48   Section        0  lib_rit.o(.text)
    [Anonymous Symbol]                       0x00003dc8   Section        0  lib_joystick.o(.text)
    [Anonymous Symbol]                       0x00003e1c   Section        0  irq_adc.o(.text)
    [Anonymous Symbol]                       0x00003e88   Section        0  lib_adc.o(.text)
    [Anonymous Symbol]                       0x00003ef0   Section        0  music.o(.text)
    [Anonymous Symbol]                       0x00003f68   Section        0  irq_can.o(.text)
    [Anonymous Symbol]                       0x00003fc0   Section        0  lib_can.o(.text)
    .text                                    0x000044b8   Section        0  noretval__2sprintf.o(.text)
    .text                                    0x000044e0   Section        0  __printf.o(.text)
    .text                                    0x00004548   Section        0  _printf_dec.o(.text)
    .text                                    0x000045c0   Section        0  rand.o(.text)
    .text                                    0x000045fc   Section        0  _printf_intcommon.o(.text)
    _printf_input_char                       0x000046b1   Thumb Code    10  _printf_char_common.o(.text)
    .text                                    0x000046b0   Section        0  _printf_char_common.o(.text)
    .text                                    0x000046e0   Section        0  _sputc.o(.text)
    .text                                    0x000046ea   Section       74  sys_stackheap_outer.o(.text)
    .text                                    0x00004734   Section        0  exit.o(.text)
    .text                                    0x00004748   Section        8  libspace.o(.text)
    .text                                    0x00004750   Section        0  sys_exit.o(.text)
    .Lswitch.table.frightenedMode.2          0x0000475c   Data          16  ghost.o(.rodata..Lswitch.table.frightenedMode.2)
    AsciiLib                                 0x0000476c   Data        1520  asciilib.o(.rodata.AsciiLib)
    [Anonymous Symbol]                       0x0000476c   Section        0  asciilib.o(.rodata.AsciiLib)
    .L__const.frightenedMode.direzione       0x00004d5c   Data           8  ghost.o(.rodata.cst8)
    .L.str.3                                 0x00004d84   Data           6  irq_rit.o(.rodata.str1.1)
    [Anonymous Symbol]                       0x00004d84   Section        0  irq_rit.o(.rodata.str1.1)
    TIMER1_IRQHandler.contatore              0x2007c068   Data           4  irq_timer.o(.data.TIMER1_IRQHandler.contatore)
    [Anonymous Symbol]                       0x2007c068   Section        0  irq_timer.o(.data.TIMER1_IRQHandler.contatore)
    .bss                                     0x2007c228   Section      228  rand.o(.bss)
    .bss                                     0x2007c30c   Section       96  libspace.o(.bss)
    CAN_wrFilter.CAN_ext_cnt                 0x2007c380   Data           4  lib_can.o(.bss.CAN_wrFilter.CAN_ext_cnt)
    [Anonymous Symbol]                       0x2007c380   Section        0  lib_can.o(.bss.CAN_wrFilter.CAN_ext_cnt)
    CAN_wrFilter.CAN_std_cnt                 0x2007c384   Data           4  lib_can.o(.bss.CAN_wrFilter.CAN_std_cnt)
    [Anonymous Symbol]                       0x2007c384   Section        0  lib_can.o(.bss.CAN_wrFilter.CAN_std_cnt)
    RIT_IRQHandler.j_down                    0x2007c388   Data           4  irq_rit.o(.bss.RIT_IRQHandler.j_down)
    [Anonymous Symbol]                       0x2007c388   Section        0  irq_rit.o(.bss.RIT_IRQHandler.j_down)
    RIT_IRQHandler.j_left                    0x2007c38c   Data           4  irq_rit.o(.bss.RIT_IRQHandler.j_left)
    [Anonymous Symbol]                       0x2007c38c   Section        0  irq_rit.o(.bss.RIT_IRQHandler.j_left)
    RIT_IRQHandler.j_right                   0x2007c390   Data           4  irq_rit.o(.bss.RIT_IRQHandler.j_right)
    [Anonymous Symbol]                       0x2007c390   Section        0  irq_rit.o(.bss.RIT_IRQHandler.j_right)
    RIT_IRQHandler.j_select                  0x2007c394   Data           4  irq_rit.o(.bss.RIT_IRQHandler.j_select)
    [Anonymous Symbol]                       0x2007c394   Section        0  irq_rit.o(.bss.RIT_IRQHandler.j_select)
    RIT_IRQHandler.j_up                      0x2007c398   Data           4  irq_rit.o(.bss.RIT_IRQHandler.j_up)
    [Anonymous Symbol]                       0x2007c398   Section        0  irq_rit.o(.bss.RIT_IRQHandler.j_up)
    RIT_IRQHandler.pausa                     0x2007c39c   Data           1  irq_rit.o(.bss.RIT_IRQHandler.pausa)
    [Anonymous Symbol]                       0x2007c39c   Section        0  irq_rit.o(.bss.RIT_IRQHandler.pausa)
    RIT_IRQHandler.pressioni                 0x2007c3a0   Data           4  irq_rit.o(.bss.RIT_IRQHandler.pressioni)
    [Anonymous Symbol]                       0x2007c3a0   Section        0  irq_rit.o(.bss.RIT_IRQHandler.pressioni)
    TIMER0_IRQHandler.currentNote            0x2007c3a8   Data           4  irq_timer.o(.bss.TIMER0_IRQHandler.currentNote)
    [Anonymous Symbol]                       0x2007c3a8   Section        0  irq_timer.o(.bss.TIMER0_IRQHandler.currentNote)
    TIMER0_IRQHandler.ticks                  0x2007c3ac   Data           4  irq_timer.o(.bss.TIMER0_IRQHandler.ticks)
    [Anonymous Symbol]                       0x2007c3ac   Section        0  irq_timer.o(.bss.TIMER0_IRQHandler.ticks)
    TIMER1_IRQHandler.ghostTime              0x2007c3b0   Data           4  irq_timer.o(.bss.TIMER1_IRQHandler.ghostTime)
    [Anonymous Symbol]                       0x2007c3b0   Section        0  irq_timer.o(.bss.TIMER1_IRQHandler.ghostTime)
    TIMER1_IRQHandler.i                      0x2007c3b4   Data           4  irq_timer.o(.bss.TIMER1_IRQHandler.i)
    [Anonymous Symbol]                       0x2007c3b4   Section        0  irq_timer.o(.bss.TIMER1_IRQHandler.i)
    TIMER1_IRQHandler.j                      0x2007c3b8   Data           4  irq_timer.o(.bss.TIMER1_IRQHandler.j)
    [Anonymous Symbol]                       0x2007c3b8   Section        0  irq_timer.o(.bss.TIMER1_IRQHandler.j)
    TIMER2_IRQHandler.sineticks              0x2007c3bc   Data           4  irq_timer.o(.bss.TIMER2_IRQHandler.sineticks)
    [Anonymous Symbol]                       0x2007c3bc   Section        0  irq_timer.o(.bss.TIMER2_IRQHandler.sineticks)
    cambiaStato.canzoneGameOver              0x2007c3c8   Data           4  irq_rit.o(.bss.cambiaStato.canzoneGameOver)
    [Anonymous Symbol]                       0x2007c3c8   Section        0  irq_rit.o(.bss.cambiaStato.canzoneGameOver)
    cambiaStato.canzoneVittoria              0x2007c3cc   Data           4  irq_rit.o(.bss.cambiaStato.canzoneVittoria)
    [Anonymous Symbol]                       0x2007c3cc   Section        0  irq_rit.o(.bss.cambiaStato.canzoneVittoria)
    cambiaStato.ticks                        0x2007c3d0   Data           4  irq_rit.o(.bss.cambiaStato.ticks)
    [Anonymous Symbol]                       0x2007c3d0   Section        0  irq_rit.o(.bss.cambiaStato.ticks)
    drawPacMan.firstTime                     0x200817dc   Data           4  sample.o(.bss.drawPacMan.firstTime)
    [Anonymous Symbol]                       0x200817dc   Section        0  sample.o(.bss.drawPacMan.firstTime)
    drawPacMan.sirenaPlayed                  0x200817e0   Data           4  sample.o(.bss.drawPacMan.sirenaPlayed)
    [Anonymous Symbol]                       0x200817e0   Section        0  sample.o(.bss.drawPacMan.sirenaPlayed)
    drawPacMan.ticks                         0x200817e4   Data           4  sample.o(.bss.drawPacMan.ticks)
    [Anonymous Symbol]                       0x200817e4   Section        0  sample.o(.bss.drawPacMan.ticks)
    Heap_Mem                                 0x20081970   Data           0  startup_lpc17xx.o(HEAP)
    Stack_Mem                                0x20081970   Data        1024  startup_lpc17xx.o(STACK)
    HEAP                                     0x20081970   Section        0  startup_lpc17xx.o(HEAP)
    STACK                                    0x20081970   Section     1024  startup_lpc17xx.o(STACK)
    __initial_sp                             0x20081d70   Data           0  startup_lpc17xx.o(STACK)

    Global Symbols

    Symbol Name                              Value     Ov Type        Size  Object(Section)

    BuildAttributes$$THM_ISAv4$P$D$K$B$S$PE$A:L22UL41UL21$X:L11$S22US41US21$IEEE1$IW$~IW$USESV6$~STKCKD$USESV7$~SHL$OTIME$ROPI$EBA8$UX$STANDARDLIB$REQ8$PRES8$EABIv2 0x00000000   Number         0  anon$$obj.o ABSOLUTE
    __Vectors                                0x00000000   Data           4  startup_lpc17xx.o(RESET)
    __fp_init_empty                          0x00000000   Number         0  fpinit_empty.o ABSOLUTE
    __ARM_exceptions_init                     - Undefined Weak Reference
    __alloca_initialize                       - Undefined Weak Reference
    __arm_preinit_                            - Undefined Weak Reference
    __arm_relocate_pie_                       - Undefined Weak Reference
    __cpp_initialize__aeabi_                  - Undefined Weak Reference
    __cxa_finalize                            - Undefined Weak Reference
    __rt_locale                               - Undefined Weak Reference
    __sigvec_lookup                           - Undefined Weak Reference
    _atexit_init                              - Undefined Weak Reference
    _call_atexit_fns                          - Undefined Weak Reference
    _clock_init                               - Undefined Weak Reference
    _fp_trap_init                             - Undefined Weak Reference
    _fp_trap_shutdown                         - Undefined Weak Reference
    _get_lc_collate                           - Undefined Weak Reference
    _get_lc_ctype                             - Undefined Weak Reference
    _get_lc_monetary                          - Undefined Weak Reference
    _get_lc_numeric                           - Undefined Weak Reference
    _get_lc_time                              - Undefined Weak Reference
    _getenv_init                              - Undefined Weak Reference
    _handle_redirection                       - Undefined Weak Reference
    _init_alloc                               - Undefined Weak Reference
    _init_user_alloc                          - Undefined Weak Reference
    _initio                                   - Undefined Weak Reference
    _printf_post_padding                      - Undefined Weak Reference
    _printf_pre_padding                       - Undefined Weak Reference
    _printf_truncate_signed                   - Undefined Weak Reference
    _printf_truncate_unsigned                 - Undefined Weak Reference
    _signal_finish                            - Undefined Weak Reference
    _signal_init                              - Undefined Weak Reference
    _terminate_alloc                          - Undefined Weak Reference
    _terminate_user_alloc                     - Undefined Weak Reference
    _terminateio                              - Undefined Weak Reference
    __main                                   0x000000cd   Thumb Code     8  __main.o(!!!main)
    __scatterload                            0x000000d5   Thumb Code     0  __scatter.o(!!!scatter)
    __scatterload_rt2                        0x000000d5   Thumb Code    84  __scatter.o(!!!scatter)
    __scatterload_rt2_thumb_only             0x000000d5   Thumb Code     0  __scatter.o(!!!scatter)
    __scatterload_loop                       0x000000df   Thumb Code     0  __scatter.o(!!!scatter)
    __decompress                             0x00000131   Thumb Code    90  __dczerorl2.o(!!dczerorl2)
    __decompress1                            0x00000131   Thumb Code     0  __dczerorl2.o(!!dczerorl2)
    __scatterload_null                       0x0000018d   Thumb Code     2  __scatter.o(!!handler_null)
    __scatterload_zeroinit                   0x00000191   Thumb Code    28  __scatter_zi.o(!!handler_zi)
    _printf_d                                0x000001ad   Thumb Code     0  _printf_d.o(.ARM.Collect$$_printf_percent$$00000009)
    _printf_percent                          0x000001ad   Thumb Code     0  _printf_percent.o(.ARM.Collect$$_printf_percent$$00000000)
    _printf_percent_end                      0x000001b3   Thumb Code     0  _printf_percent_end.o(.ARM.Collect$$_printf_percent$$00000017)
    __rt_lib_init                            0x000001b7   Thumb Code     0  libinit.o(.ARM.Collect$$libinit$$00000000)
    __rt_lib_init_fp_1                       0x000001b9   Thumb Code     0  libinit2.o(.ARM.Collect$$libinit$$00000002)
    __rt_lib_init_heap_1                     0x000001b9   Thumb Code     0  libinit2.o(.ARM.Collect$$libinit$$0000000C)
    __rt_lib_init_preinit_1                  0x000001b9   Thumb Code     0  libinit2.o(.ARM.Collect$$libinit$$00000006)
    __rt_lib_init_rand_2                     0x000001b9   Thumb Code     0  libinit2.o(.ARM.Collect$$libinit$$0000000F)
    __rt_lib_init_relocate_pie_1             0x000001b9   Thumb Code     0  libinit2.o(.ARM.Collect$$libinit$$00000004)
    __rt_lib_init_user_alloc_1               0x000001b9   Thumb Code     0  libinit2.o(.ARM.Collect$$libinit$$0000000E)
    __rt_lib_init_alloca_1                   0x000001bd   Thumb Code     0  libinit2.o(.ARM.Collect$$libinit$$00000030)
    __rt_lib_init_argv_1                     0x000001bd   Thumb Code     0  libinit2.o(.ARM.Collect$$libinit$$0000002E)
    __rt_lib_init_atexit_1                   0x000001bd   Thumb Code     0  libinit2.o(.ARM.Collect$$libinit$$0000001D)
    __rt_lib_init_clock_1                    0x000001bd   Thumb Code     0  libinit2.o(.ARM.Collect$$libinit$$00000023)
    __rt_lib_init_cpp_1                      0x000001bd   Thumb Code     0  libinit2.o(.ARM.Collect$$libinit$$00000034)
    __rt_lib_init_exceptions_1               0x000001bd   Thumb Code     0  libinit2.o(.ARM.Collect$$libinit$$00000032)
    __rt_lib_init_fp_trap_1                  0x000001bd   Thumb Code     0  libinit2.o(.ARM.Collect$$libinit$$00000021)
    __rt_lib_init_getenv_1                   0x000001bd   Thumb Code     0  libinit2.o(.ARM.Collect$$libinit$$00000025)
    __rt_lib_init_lc_collate_1               0x000001bd   Thumb Code     0  libinit2.o(.ARM.Collect$$libinit$$00000013)
    __rt_lib_init_lc_ctype_1                 0x000001bd   Thumb Code     0  libinit2.o(.ARM.Collect$$libinit$$00000015)
    __rt_lib_init_lc_monetary_1              0x000001bd   Thumb Code     0  libinit2.o(.ARM.Collect$$libinit$$00000017)
    __rt_lib_init_lc_numeric_1               0x000001bd   Thumb Code     0  libinit2.o(.ARM.Collect$$libinit$$00000019)
    __rt_lib_init_lc_time_1                  0x000001bd   Thumb Code     0  libinit2.o(.ARM.Collect$$libinit$$0000001B)
    __rt_lib_init_rand_1                     0x000001bd   Thumb Code     0  libinit2.o(.ARM.Collect$$libinit$$00000010)
    __rt_lib_init_return                     0x000001bd   Thumb Code     0  libinit2.o(.ARM.Collect$$libinit$$00000035)
    __rt_lib_init_signal_1                   0x000001bd   Thumb Code     0  libinit2.o(.ARM.Collect$$libinit$$0000001F)
    __rt_lib_init_stdio_1                    0x000001bd   Thumb Code     0  libinit2.o(.ARM.Collect$$libinit$$00000027)
    __rt_lib_shutdown                        0x000001bf   Thumb Code     0  libshutdown.o(.ARM.Collect$$libshutdown$$00000000)
    __rt_lib_shutdown_cpp_1                  0x000001c1   Thumb Code     0  libshutdown2.o(.ARM.Collect$$libshutdown$$00000002)
    __rt_lib_shutdown_fp_trap_1              0x000001c1   Thumb Code     0  libshutdown2.o(.ARM.Collect$$libshutdown$$00000007)
    __rt_lib_shutdown_heap_1                 0x000001c1   Thumb Code     0  libshutdown2.o(.ARM.Collect$$libshutdown$$0000000F)
    __rt_lib_shutdown_return                 0x000001c1   Thumb Code     0  libshutdown2.o(.ARM.Collect$$libshutdown$$00000010)
    __rt_lib_shutdown_signal_1               0x000001c1   Thumb Code     0  libshutdown2.o(.ARM.Collect$$libshutdown$$0000000A)
    __rt_lib_shutdown_stdio_1                0x000001c1   Thumb Code     0  libshutdown2.o(.ARM.Collect$$libshutdown$$00000004)
    __rt_lib_shutdown_user_alloc_1           0x000001c1   Thumb Code     0  libshutdown2.o(.ARM.Collect$$libshutdown$$0000000C)
    __rt_entry                               0x000001c3   Thumb Code     0  __rtentry.o(.ARM.Collect$$rtentry$$00000000)
    __rt_entry_presh_1                       0x000001c3   Thumb Code     0  __rtentry2.o(.ARM.Collect$$rtentry$$00000002)
    __rt_entry_sh                            0x000001c3   Thumb Code     0  __rtentry4.o(.ARM.Collect$$rtentry$$00000004)
    __rt_entry_li                            0x000001c9   Thumb Code     0  __rtentry2.o(.ARM.Collect$$rtentry$$0000000A)
    __rt_entry_postsh_1                      0x000001c9   Thumb Code     0  __rtentry2.o(.ARM.Collect$$rtentry$$00000009)
    __rt_entry_main                          0x000001cd   Thumb Code     0  __rtentry2.o(.ARM.Collect$$rtentry$$0000000D)
    __rt_entry_postli_1                      0x000001cd   Thumb Code     0  __rtentry2.o(.ARM.Collect$$rtentry$$0000000C)
    __rt_exit                                0x000001d5   Thumb Code     0  rtexit.o(.ARM.Collect$$rtexit$$00000000)
    __rt_exit_ls                             0x000001d7   Thumb Code     0  rtexit2.o(.ARM.Collect$$rtexit$$00000003)
    __rt_exit_prels_1                        0x000001d7   Thumb Code     0  rtexit2.o(.ARM.Collect$$rtexit$$00000002)
    __rt_exit_exit                           0x000001db   Thumb Code     0  rtexit2.o(.ARM.Collect$$rtexit$$00000004)
    rand                                     0x000001e1   Thumb Code    48  rand.o(.emb_text)
    Reset_Handler                            0x00000215   Thumb Code     4  startup_lpc17xx.o(.text)
    NMI_Handler                              0x00000219   Thumb Code     2  startup_lpc17xx.o(.text)
    HardFault_Handler                        0x0000021b   Thumb Code     2  startup_lpc17xx.o(.text)
    MemManage_Handler                        0x0000021d   Thumb Code     2  startup_lpc17xx.o(.text)
    BusFault_Handler                         0x0000021f   Thumb Code     2  startup_lpc17xx.o(.text)
    UsageFault_Handler                       0x00000221   Thumb Code     2  startup_lpc17xx.o(.text)
    SVC_Handler                              0x00000223   Thumb Code     2  startup_lpc17xx.o(.text)
    DebugMon_Handler                         0x00000225   Thumb Code     2  startup_lpc17xx.o(.text)
    PendSV_Handler                           0x00000227   Thumb Code     2  startup_lpc17xx.o(.text)
    SysTick_Handler                          0x00000229   Thumb Code     2  startup_lpc17xx.o(.text)
    BOD_IRQHandler                           0x0000022b   Thumb Code     0  startup_lpc17xx.o(.text)
    CANActivity_IRQHandler                   0x0000022b   Thumb Code     0  startup_lpc17xx.o(.text)
    DMA_IRQHandler                           0x0000022b   Thumb Code     0  startup_lpc17xx.o(.text)
    EINT3_IRQHandler                         0x0000022b   Thumb Code     0  startup_lpc17xx.o(.text)
    ENET_IRQHandler                          0x0000022b   Thumb Code     0  startup_lpc17xx.o(.text)
    I2C0_IRQHandler                          0x0000022b   Thumb Code     0  startup_lpc17xx.o(.text)
    I2C1_IRQHandler                          0x0000022b   Thumb Code     0  startup_lpc17xx.o(.text)
    I2C2_IRQHandler                          0x0000022b   Thumb Code     0  startup_lpc17xx.o(.text)
    I2S_IRQHandler                           0x0000022b   Thumb Code     0  startup_lpc17xx.o(.text)
    MCPWM_IRQHandler                         0x0000022b   Thumb Code     0  startup_lpc17xx.o(.text)
    PLL0_IRQHandler                          0x0000022b   Thumb Code     0  startup_lpc17xx.o(.text)
    PLL1_IRQHandler                          0x0000022b   Thumb Code     0  startup_lpc17xx.o(.text)
    PWM1_IRQHandler                          0x0000022b   Thumb Code     0  startup_lpc17xx.o(.text)
    QEI_IRQHandler                           0x0000022b   Thumb Code     0  startup_lpc17xx.o(.text)
    RTC_IRQHandler                           0x0000022b   Thumb Code     0  startup_lpc17xx.o(.text)
    SPI_IRQHandler                           0x0000022b   Thumb Code     0  startup_lpc17xx.o(.text)
    SSP0_IRQHandler                          0x0000022b   Thumb Code     0  startup_lpc17xx.o(.text)
    SSP1_IRQHandler                          0x0000022b   Thumb Code     0  startup_lpc17xx.o(.text)
    UART0_IRQHandler                         0x0000022b   Thumb Code     0  startup_lpc17xx.o(.text)
    UART1_IRQHandler                         0x0000022b   Thumb Code     0  startup_lpc17xx.o(.text)
    UART2_IRQHandler                         0x0000022b   Thumb Code     0  startup_lpc17xx.o(.text)
    UART3_IRQHandler                         0x0000022b   Thumb Code     0  startup_lpc17xx.o(.text)
    USBActivity_IRQHandler                   0x0000022b   Thumb Code     0  startup_lpc17xx.o(.text)
    USB_IRQHandler                           0x0000022b   Thumb Code     0  startup_lpc17xx.o(.text)
    WDT_IRQHandler                           0x0000022b   Thumb Code     0  startup_lpc17xx.o(.text)
    __user_initial_stackheap                 0x0000022d   Thumb Code     0  startup_lpc17xx.o(.text)
    GetASCIICode                             0x00000249   Thumb Code    42  asciilib.o(.text)
    BUTTON_init                              0x00000275   Thumb Code   104  lib_button.o(.text)
    time                                     0x000002dd   Thumb Code    18  sys_time.o(.text)
    __use_two_region_memory                  0x000002ef   Thumb Code     2  heapauxi.o(.text)
    __rt_heap_escrow$2region                 0x000002f1   Thumb Code     2  heapauxi.o(.text)
    __rt_heap_expand$2region                 0x000002f3   Thumb Code     2  heapauxi.o(.text)
    __I$use$semihosting                      0x000002f5   Thumb Code     0  use_no_semi.o(.text)
    __use_no_semihosting_swi                 0x000002f5   Thumb Code     2  use_no_semi.o(.text)
    __semihosting_library_function           0x000002f7   Thumb Code     0  indicate_semi.o(.text)
    drawHeart                                0x00000301   Thumb Code   232  sample.o(.text)
    clearPacMan                              0x000003e9   Thumb Code    68  sample.o(.text)
    eaten                                    0x0000042d   Thumb Code   924  sample.o(.text)
    drawPacMan                               0x000007c9   Thumb Code   970  sample.o(.text)
    drawGhost                                0x00000b95   Thumb Code   404  sample.o(.text)
    backgroundSetup                          0x00000d29   Thumb Code   252  sample.o(.text)
    main                                     0x00000e25   Thumb Code   512  sample.o(.text)
    calcolaDistanza                          0x00001025   Thumb Code    16  ghost.o(.text)
    insertSorted                             0x00001035   Thumb Code   148  ghost.o(.text)
    calcolaOpened                            0x000010c9   Thumb Code    58  ghost.o(.text)
    calcolaPercorso                          0x00001105   Thumb Code  1084  ghost.o(.text)
    frightenedMode                           0x00001541   Thumb Code   332  ghost.o(.text)
    SystemInit                               0x0000169d   Thumb Code   320  system_lpc17xx.o(.text)
    TIMER0_IRQHandler                        0x000017ed   Thumb Code  1500  irq_timer.o(.text)
    TIMER1_IRQHandler                        0x00001dc9   Thumb Code   564  irq_timer.o(.text)
    TIMER2_IRQHandler                        0x00002001   Thumb Code    66  irq_timer.o(.text)
    TIMER3_IRQHandler                        0x00002045   Thumb Code    28  irq_timer.o(.text)
    enable_timer                             0x00002061   Thumb Code    38  lib_timer.o(.text)
    disable_timer                            0x00002089   Thumb Code    38  lib_timer.o(.text)
    reset_timer                              0x000020b1   Thumb Code    42  lib_timer.o(.text)
    init_timer                               0x000020dd   Thumb Code   158  lib_timer.o(.text)
    LCD_Initialization                       0x0000217d   Thumb Code  4466  glcd.o(.text)
    LCD_Clear                                0x000032f1   Thumb Code   292  glcd.o(.text)
    LCD_GetPoint                             0x00003415   Thumb Code   356  glcd.o(.text)
    LCD_SetPoint                             0x00003579   Thumb Code   322  glcd.o(.text)
    LCD_DrawLine                             0x000036bd   Thumb Code   224  glcd.o(.text)
    PutChar                                  0x0000379d   Thumb Code   102  glcd.o(.text)
    GUI_Text                                 0x00003805   Thumb Code   158  glcd.o(.text)
    EINT0_IRQHandler                         0x000038a5   Thumb Code    68  irq_button.o(.text)
    EINT1_IRQHandler                         0x000038e9   Thumb Code    68  irq_button.o(.text)
    EINT2_IRQHandler                         0x0000392d   Thumb Code    18  irq_button.o(.text)
    cambiaStato                              0x00003941   Thumb Code   320  irq_rit.o(.text)
    recuperaStato                            0x00003a9d   Thumb Code   114  irq_rit.o(.text)
    RIT_IRQHandler                           0x00003b11   Thumb Code   566  irq_rit.o(.text)
    enable_RIT                               0x00003d49   Thumb Code    16  lib_rit.o(.text)
    disable_RIT                              0x00003d59   Thumb Code    16  lib_rit.o(.text)
    reset_RIT                                0x00003d69   Thumb Code    12  lib_rit.o(.text)
    init_RIT                                 0x00003d75   Thumb Code    82  lib_rit.o(.text)
    joystick_init                            0x00003dc9   Thumb Code    82  lib_joystick.o(.text)
    ADC_IRQHandler                           0x00003e1d   Thumb Code   108  irq_adc.o(.text)
    ADC_init                                 0x00003e89   Thumb Code    84  lib_adc.o(.text)
    ADC_start_conversion                     0x00003edd   Thumb Code    18  lib_adc.o(.text)
    playNote                                 0x00003ef1   Thumb Code    64  music.o(.text)
    isNotePlaying                            0x00003f31   Thumb Code    34  music.o(.text)
    stopNote                                 0x00003f55   Thumb Code    18  music.o(.text)
    CAN_IRQHandler                           0x00003f69   Thumb Code    88  irq_can.o(.text)
    CAN_setup                                0x00003fc1   Thumb Code   162  lib_can.o(.text)
    CAN_start                                0x00004065   Thumb Code    32  lib_can.o(.text)
    CAN_waitReady                            0x00004085   Thumb Code    32  lib_can.o(.text)
    CAN_wrMsg                                0x000040a5   Thumb Code   146  lib_can.o(.text)
    CAN_rdMsg                                0x00004139   Thumb Code   106  lib_can.o(.text)
    CAN_wrFilter                             0x000041a5   Thumb Code   566  lib_can.o(.text)
    CAN_Init                                 0x000043dd   Thumb Code   218  lib_can.o(.text)
    __2sprintf                               0x000044b9   Thumb Code    34  noretval__2sprintf.o(.text)
    __printf                                 0x000044e1   Thumb Code   104  __printf.o(.text)
    _printf_int_dec                          0x00004549   Thumb Code   104  _printf_dec.o(.text)
    srand                                    0x000045c1   Thumb Code    42  rand.o(.text)
    _rand_init                               0x000045eb   Thumb Code     4  rand.o(.text)
    _printf_int_common                       0x000045fd   Thumb Code   178  _printf_intcommon.o(.text)
    _printf_char_common                      0x000046bb   Thumb Code    32  _printf_char_common.o(.text)
    _sputc                                   0x000046e1   Thumb Code    10  _sputc.o(.text)
    __user_setup_stackheap                   0x000046eb   Thumb Code    74  sys_stackheap_outer.o(.text)
    exit                                     0x00004735   Thumb Code    18  exit.o(.text)
    __user_libspace                          0x00004749   Thumb Code     8  libspace.o(.text)
    __user_perproc_libspace                  0x00004749   Thumb Code     0  libspace.o(.text)
    __user_perthread_libspace                0x00004749   Thumb Code     0  libspace.o(.text)
    _sys_exit                                0x00004751   Thumb Code     8  sys_exit.o(.text)
    freqs                                    0x00004d64   Data          32  irq_adc.o(.rodata.freqs)
    Region$$Table$$Base                      0x00004d8c   Number         0  anon$$obj.o(Region$$Table)
    Region$$Table$$Limit                     0x00004dcc   Number         0  anon$$obj.o(Region$$Table)
    matrice                                  0x10000000   Data        3072  sample.o(.data.matrice)
    opened                                   0x10000c00   Data       21504  ghost.o(.bss.opened)
    AD_last                                  0x2007c000   Data           2  irq_adc.o(.data.AD_last)
    NPalline                                 0x2007c004   Data           4  irq_timer.o(.data.NPalline)
    SinTable                                 0x2007c008   Data          90  irq_timer.o(.data.SinTable)
    SystemFrequency                          0x2007c064   Data           4  system_lpc17xx.o(.data.SystemFrequency)
    blueGhost                                0x2007c06c   Data           4  irq_timer.o(.data.blueGhost)
    direzione                                0x2007c070   Data           4  irq_rit.o(.data.direzione)
    gameOverSong                             0x2007c074   Data          88  irq_rit.o(.data.gameOverSong)
    prossimaMossa                            0x2007c0cc   Data           4  irq_rit.o(.data.prossimaMossa)
    scoreStr                                 0x2007c0d0   Data           7  sample.o(.data.scoreStr)
    sirena                                   0x2007c0d8   Data          32  irq_timer.o(.data.sirena)
    song                                     0x2007c0f8   Data         280  irq_timer.o(.data.song)
    visitOpened                              0x2007c210   Data           4  ghost.o(.data.visitOpened)
    vite                                     0x2007c214   Data           4  sample.o(.data.vite)
    xGhostPrecedente                         0x2007c218   Data           4  sample.o(.data.xGhostPrecedente)
    xPacManPrecedente                        0x2007c21c   Data           4  sample.o(.data.xPacManPrecedente)
    yGhostPrecedente                         0x2007c220   Data           4  sample.o(.data.yGhostPrecedente)
    yPacManPrecedente                        0x2007c224   Data           4  sample.o(.data.yPacManPrecedente)
    _random_number_data                      0x2007c228   Data         228  rand.o(.bss)
    __libspace_start                         0x2007c30c   Data          96  libspace.o(.bss)
    AD_current                               0x2007c36c   Data           2  irq_adc.o(.bss.AD_current)
    __temporary_stack_top$libspace           0x2007c36c   Data           0  libspace.o(.bss)
    CAN_RxMsg                                0x2007c370   Data          16  lib_can.o(.bss.CAN_RxMsg)
    ScaleFlag                                0x2007c3a4   Data           1  system_lpc17xx.o(.bss.ScaleFlag)
    blueGhostSpeed                           0x2007c3c0   Data           4  irq_timer.o(.bss.blueGhostSpeed)
    blueGhostTime                            0x2007c3c4   Data           4  irq_timer.o(.bss.blueGhostTime)
    closed                                   0x2007c3d4   Data       21504  ghost.o(.bss.closed)
    contatore                                0x200817d4   Data           4  irq_timer.o(.bss.contatore)
    down_0                                   0x200817d8   Data           4  irq_rit.o(.bss.down_0)
    eated                                    0x200817e8   Data           4  irq_timer.o(.bss.eated)
    firstTime                                0x200817ec   Data           4  irq_rit.o(.bss.firstTime)
    gameOver                                 0x200817f0   Data           4  irq_timer.o(.bss.gameOver)
    ghostEaten                               0x200817f4   Data           4  sample.o(.bss.ghostEaten)
    icr                                      0x200817f8   Data           1  lib_can.o(.bss.icr)
    momentoTimer                             0x200817fc   Data           4  irq_rit.o(.bss.momentoTimer)
    mosse                                    0x20081800   Data           4  irq_timer.o(.bss.mosse)
    nodoCorrente                             0x20081804   Data          28  ghost.o(.bss.nodoCorrente)
    result                                   0x20081820   Data           4  lib_can.o(.bss.result)
    score                                    0x20081824   Data           4  sample.o(.bss.score)
    startWaiting                             0x20081828   Data           4  irq_timer.o(.bss.startWaiting)
    started                                  0x2008182c   Data           4  irq_timer.o(.bss.started)
    statoPausa                               0x20081830   Data           4  irq_rit.o(.bss.statoPausa)
    t                                        0x20081834   Data          28  ghost.o(.bss.t)
    timerFantasma                            0x20081850   Data           4  irq_timer.o(.bss.timerFantasma)
    value                                    0x20081854   Data         255  sample.o(.bss.value)
    victory                                  0x20081954   Data           4  irq_timer.o(.bss.victory)
    visitClosed                              0x20081958   Data           4  ghost.o(.bss.visitClosed)
    xGhost                                   0x2008195c   Data           4  sample.o(.bss.xGhost)
    xPacMan                                  0x20081960   Data           4  sample.o(.bss.xPacMan)
    yGhost                                   0x20081964   Data           4  sample.o(.bss.yGhost)
    yPacMan                                  0x20081968   Data           4  sample.o(.bss.yPacMan)



==============================================================================

Memory Map of the image

  Image Entry point : 0x000000cd

  Load Region LR_IROM1 (Base: 0x00000000, Size: 0x00005bf8, Max: 0x00080000, ABSOLUTE, COMPRESSED[0x00004f88])

    Execution Region ER_IROM1 (Exec base: 0x00000000, Load base: 0x00000000, Size: 0x00004dcc, Max: 0x00080000, ABSOLUTE)

    Exec Addr    Load Addr    Size         Type   Attr      Idx    E Section Name        Object

    0x00000000   0x00000000   0x000000cc   Data   RO            3    RESET               startup_lpc17xx.o
    0x000000cc   0x000000cc   0x00000008   Code   RO          318  * !!!main             c_w.l(__main.o)
    0x000000d4   0x000000d4   0x0000005c   Code   RO          496    !!!scatter          c_w.l(__scatter.o)
    0x00000130   0x00000130   0x0000005a   Code   RO          494    !!dczerorl2         c_w.l(__dczerorl2.o)
    0x0000018a   0x0000018a   0x00000002   PAD
    0x0000018c   0x0000018c   0x00000002   Code   RO          497    !!handler_null      c_w.l(__scatter.o)
    0x0000018e   0x0000018e   0x00000002   PAD
    0x00000190   0x00000190   0x0000001c   Code   RO          500    !!handler_zi        c_w.l(__scatter_zi.o)
    0x000001ac   0x000001ac   0x00000000   Code   RO          308    .ARM.Collect$$_printf_percent$$00000000  c_w.l(_printf_percent.o)
    0x000001ac   0x000001ac   0x00000006   Code   RO          307    .ARM.Collect$$_printf_percent$$00000009  c_w.l(_printf_d.o)
    0x000001b2   0x000001b2   0x00000004   Code   RO          330    .ARM.Collect$$_printf_percent$$00000017  c_w.l(_printf_percent_end.o)
    0x000001b6   0x000001b6   0x00000002   Code   RO          414    .ARM.Collect$$libinit$$00000000  c_w.l(libinit.o)
    0x000001b8   0x000001b8   0x00000000   Code   RO          334    .ARM.Collect$$libinit$$00000002  c_w.l(libinit2.o)
    0x000001b8   0x000001b8   0x00000000   Code   RO          336    .ARM.Collect$$libinit$$00000004  c_w.l(libinit2.o)
    0x000001b8   0x000001b8   0x00000000   Code   RO          338    .ARM.Collect$$libinit$$00000006  c_w.l(libinit2.o)
    0x000001b8   0x000001b8   0x00000000   Code   RO          341    .ARM.Collect$$libinit$$0000000C  c_w.l(libinit2.o)
    0x000001b8   0x000001b8   0x00000000   Code   RO          343    .ARM.Collect$$libinit$$0000000E  c_w.l(libinit2.o)
    0x000001b8   0x000001b8   0x00000004   Code   RO          344    .ARM.Collect$$libinit$$0000000F  c_w.l(libinit2.o)
    0x000001bc   0x000001bc   0x00000000   Code   RO          345    .ARM.Collect$$libinit$$00000010  c_w.l(libinit2.o)
    0x000001bc   0x000001bc   0x00000000   Code   RO          348    .ARM.Collect$$libinit$$00000013  c_w.l(libinit2.o)
    0x000001bc   0x000001bc   0x00000000   Code   RO          350    .ARM.Collect$$libinit$$00000015  c_w.l(libinit2.o)
    0x000001bc   0x000001bc   0x00000000   Code   RO          352    .ARM.Collect$$libinit$$00000017  c_w.l(libinit2.o)
    0x000001bc   0x000001bc   0x00000000   Code   RO          354    .ARM.Collect$$libinit$$00000019  c_w.l(libinit2.o)
    0x000001bc   0x000001bc   0x00000000   Code   RO          356    .ARM.Collect$$libinit$$0000001B  c_w.l(libinit2.o)
    0x000001bc   0x000001bc   0x00000000   Code   RO          358    .ARM.Collect$$libinit$$0000001D  c_w.l(libinit2.o)
    0x000001bc   0x000001bc   0x00000000   Code   RO          360    .ARM.Collect$$libinit$$0000001F  c_w.l(libinit2.o)
    0x000001bc   0x000001bc   0x00000000   Code   RO          362    .ARM.Collect$$libinit$$00000021  c_w.l(libinit2.o)
    0x000001bc   0x000001bc   0x00000000   Code   RO          364    .ARM.Collect$$libinit$$00000023  c_w.l(libinit2.o)
    0x000001bc   0x000001bc   0x00000000   Code   RO          366    .ARM.Collect$$libinit$$00000025  c_w.l(libinit2.o)
    0x000001bc   0x000001bc   0x00000000   Code   RO          368    .ARM.Collect$$libinit$$00000027  c_w.l(libinit2.o)
    0x000001bc   0x000001bc   0x00000000   Code   RO          372    .ARM.Collect$$libinit$$0000002E  c_w.l(libinit2.o)
    0x000001bc   0x000001bc   0x00000000   Code   RO          374    .ARM.Collect$$libinit$$00000030  c_w.l(libinit2.o)
    0x000001bc   0x000001bc   0x00000000   Code   RO          376    .ARM.Collect$$libinit$$00000032  c_w.l(libinit2.o)
    0x000001bc   0x000001bc   0x00000000   Code   RO          378    .ARM.Collect$$libinit$$00000034  c_w.l(libinit2.o)
    0x000001bc   0x000001bc   0x00000002   Code   RO          379    .ARM.Collect$$libinit$$00000035  c_w.l(libinit2.o)
    0x000001be   0x000001be   0x00000002   Code   RO          453    .ARM.Collect$$libshutdown$$00000000  c_w.l(libshutdown.o)
    0x000001c0   0x000001c0   0x00000000   Code   RO          461    .ARM.Collect$$libshutdown$$00000002  c_w.l(libshutdown2.o)
    0x000001c0   0x000001c0   0x00000000   Code   RO          463    .ARM.Collect$$libshutdown$$00000004  c_w.l(libshutdown2.o)
    0x000001c0   0x000001c0   0x00000000   Code   RO          466    .ARM.Collect$$libshutdown$$00000007  c_w.l(libshutdown2.o)
    0x000001c0   0x000001c0   0x00000000   Code   RO          469    .ARM.Collect$$libshutdown$$0000000A  c_w.l(libshutdown2.o)
    0x000001c0   0x000001c0   0x00000000   Code   RO          471    .ARM.Collect$$libshutdown$$0000000C  c_w.l(libshutdown2.o)
    0x000001c0   0x000001c0   0x00000000   Code   RO          474    .ARM.Collect$$libshutdown$$0000000F  c_w.l(libshutdown2.o)
    0x000001c0   0x000001c0   0x00000002   Code   RO          475    .ARM.Collect$$libshutdown$$00000010  c_w.l(libshutdown2.o)
    0x000001c2   0x000001c2   0x00000000   Code   RO          323    .ARM.Collect$$rtentry$$00000000  c_w.l(__rtentry.o)
    0x000001c2   0x000001c2   0x00000000   Code   RO          381    .ARM.Collect$$rtentry$$00000002  c_w.l(__rtentry2.o)
    0x000001c2   0x000001c2   0x00000006   Code   RO          393    .ARM.Collect$$rtentry$$00000004  c_w.l(__rtentry4.o)
    0x000001c8   0x000001c8   0x00000000   Code   RO          383    .ARM.Collect$$rtentry$$00000009  c_w.l(__rtentry2.o)
    0x000001c8   0x000001c8   0x00000004   Code   RO          384    .ARM.Collect$$rtentry$$0000000A  c_w.l(__rtentry2.o)
    0x000001cc   0x000001cc   0x00000000   Code   RO          386    .ARM.Collect$$rtentry$$0000000C  c_w.l(__rtentry2.o)
    0x000001cc   0x000001cc   0x00000008   Code   RO          387    .ARM.Collect$$rtentry$$0000000D  c_w.l(__rtentry2.o)
    0x000001d4   0x000001d4   0x00000002   Code   RO          422    .ARM.Collect$$rtexit$$00000000  c_w.l(rtexit.o)
    0x000001d6   0x000001d6   0x00000000   Code   RO          431    .ARM.Collect$$rtexit$$00000002  c_w.l(rtexit2.o)
    0x000001d6   0x000001d6   0x00000004   Code   RO          432    .ARM.Collect$$rtexit$$00000003  c_w.l(rtexit2.o)
    0x000001da   0x000001da   0x00000006   Code   RO          433    .ARM.Collect$$rtexit$$00000004  c_w.l(rtexit2.o)
    0x000001e0   0x000001e0   0x00000034   Code   RO          309    .emb_text           c_w.l(rand.o)
    0x00000214   0x00000214   0x00000034   Code   RO            5    .text               startup_lpc17xx.o
    0x00000248   0x00000248   0x0000002a   Code   RO          113    .text               asciilib.o
    0x00000272   0x00000272   0x00000002   PAD
    0x00000274   0x00000274   0x00000068   Code   RO          147    .text               lib_button.o
    0x000002dc   0x000002dc   0x00000012   Code   RO          275    .text               c_w.l(sys_time.o)
    0x000002ee   0x000002ee   0x00000006   Code   RO          316    .text               c_w.l(heapauxi.o)
    0x000002f4   0x000002f4   0x00000002   Code   RO          320    .text               c_w.l(use_no_semi.o)
    0x000002f6   0x000002f6   0x00000000   Code   RO          322    .text               c_w.l(indicate_semi.o)
    0x000002f6   0x000002f6   0x00000003   Data   RO           33    .rodata.str1.1      sample.o
    0x000002f9   0x000002f9   0x00000003   PAD
    0x000002fc   0x000002fc   0x00000004   Code   RO            4    .ARM.__at_0x02FC    startup_lpc17xx.o
    0x00000300   0x00000300   0x00000d24   Code   RO           13    .text               sample.o
    0x00001024   0x00001024   0x00000678   Code   RO           42    .text               ghost.o
    0x0000169c   0x0000169c   0x00000150   Code   RO           60    .text               system_lpc17xx.o
    0x000017ec   0x000017ec   0x00000874   Code   RO           70    .text               irq_timer.o
    0x00002060   0x00002060   0x0000011a   Code   RO          105    .text               lib_timer.o
    0x0000217a   0x0000217a   0x00000002   PAD
    0x0000217c   0x0000217c   0x00001726   Code   RO          122    .text               glcd.o
    0x000038a2   0x000038a2   0x00000002   PAD
    0x000038a4   0x000038a4   0x0000009a   Code   RO          140    .text               irq_button.o
    0x0000393e   0x0000393e   0x00000002   PAD
    0x00003940   0x00003940   0x00000406   Code   RO          154    .text               irq_rit.o
    0x00003d46   0x00003d46   0x00000002   PAD
    0x00003d48   0x00003d48   0x0000007e   Code   RO          184    .text               lib_rit.o
    0x00003dc6   0x00003dc6   0x00000002   PAD
    0x00003dc8   0x00003dc8   0x00000052   Code   RO          199    .text               lib_joystick.o
    0x00003e1a   0x00003e1a   0x00000002   PAD
    0x00003e1c   0x00003e1c   0x0000006c   Code   RO          223    .text               irq_adc.o
    0x00003e88   0x00003e88   0x00000066   Code   RO          233    .text               lib_adc.o
    0x00003eee   0x00003eee   0x00000002   PAD
    0x00003ef0   0x00003ef0   0x00000076   Code   RO          240    .text               music.o
    0x00003f66   0x00003f66   0x00000002   PAD
    0x00003f68   0x00003f68   0x00000058   Code   RO          248    .text               irq_can.o
    0x00003fc0   0x00003fc0   0x000004f6   Code   RO          257    .text               lib_can.o
    0x000044b6   0x000044b6   0x00000002   PAD
    0x000044b8   0x000044b8   0x00000028   Code   RO          281    .text               c_w.l(noretval__2sprintf.o)
    0x000044e0   0x000044e0   0x00000068   Code   RO          283    .text               c_w.l(__printf.o)
    0x00004548   0x00004548   0x00000078   Code   RO          285    .text               c_w.l(_printf_dec.o)
    0x000045c0   0x000045c0   0x0000003c   Code   RO          310    .text               c_w.l(rand.o)
    0x000045fc   0x000045fc   0x000000b2   Code   RO          324    .text               c_w.l(_printf_intcommon.o)
    0x000046ae   0x000046ae   0x00000002   PAD
    0x000046b0   0x000046b0   0x00000030   Code   RO          326    .text               c_w.l(_printf_char_common.o)
    0x000046e0   0x000046e0   0x0000000a   Code   RO          328    .text               c_w.l(_sputc.o)
    0x000046ea   0x000046ea   0x0000004a   Code   RO          401    .text               c_w.l(sys_stackheap_outer.o)
    0x00004734   0x00004734   0x00000012   Code   RO          403    .text               c_w.l(exit.o)
    0x00004746   0x00004746   0x00000002   PAD
    0x00004748   0x00004748   0x00000008   Code   RO          419    .text               c_w.l(libspace.o)
    0x00004750   0x00004750   0x0000000c   Code   RO          443    .text               c_w.l(sys_exit.o)
    0x0000475c   0x0000475c   0x00000010   Data   RO           52    .rodata..Lswitch.table.frightenedMode.2  ghost.o
    0x0000476c   0x0000476c   0x000005f0   Data   RO          115    .rodata.AsciiLib    asciilib.o
    0x00004d5c   0x00004d5c   0x00000008   Data   RO           51    .rodata.cst8        ghost.o
    0x00004d64   0x00004d64   0x00000020   Data   RO          226    .rodata.freqs       irq_adc.o
    0x00004d84   0x00004d84   0x00000006   Data   RO          167    .rodata.str1.1      irq_rit.o
    0x00004d8a   0x00004d8a   0x00000002   PAD
    0x00004d8c   0x00004d8c   0x00000040   Data   RO          493    Region$$Table       anon$$obj.o


    Execution Region RW_IRAM1 (Exec base: 0x10000000, Load base: 0x00004dcc, Size: 0x00006000, Max: 0x00008000, ABSOLUTE, COMPRESSED[0x000000d8])

    Exec Addr    Load Addr    Size         Type   Attr      Idx    E Section Name        Object

    0x10000000   COMPRESSED   0x00000c00   Data   RW           24    .data.matrice       sample.o
    0x10000c00        -       0x00005400   Zero   RW           48    .bss.opened         ghost.o


    Execution Region RW_IRAM2 (Exec base: 0x2007c000, Load base: 0x00004ea8, Size: 0x00005d70, Max: 0x00008000, ABSOLUTE, COMPRESSED[0x000000e0])

    Exec Addr    Load Addr    Size         Type   Attr      Idx    E Section Name        Object

    0x2007c000   COMPRESSED   0x00000002   Data   RW          225    .data.AD_last       irq_adc.o
    0x2007c002   COMPRESSED   0x00000002   PAD
    0x2007c004   COMPRESSED   0x00000004   Data   RW           91    .data.NPalline      irq_timer.o
    0x2007c008   COMPRESSED   0x0000005a   Data   RW           92    .data.SinTable      irq_timer.o
    0x2007c062   COMPRESSED   0x00000002   PAD
    0x2007c064   COMPRESSED   0x00000004   Data   RW           62    .data.SystemFrequency  system_lpc17xx.o
    0x2007c068   COMPRESSED   0x00000004   Data   RW           95    .data.TIMER1_IRQHandler.contatore  irq_timer.o
    0x2007c06c   COMPRESSED   0x00000004   Data   RW           81    .data.blueGhost     irq_timer.o
    0x2007c070   COMPRESSED   0x00000004   Data   RW          159    .data.direzione     irq_rit.o
    0x2007c074   COMPRESSED   0x00000058   Data   RW          162    .data.gameOverSong  irq_rit.o
    0x2007c0cc   COMPRESSED   0x00000004   Data   RW          160    .data.prossimaMossa  irq_rit.o
    0x2007c0d0   COMPRESSED   0x00000007   Data   RW           16    .data.scoreStr      sample.o
    0x2007c0d7   COMPRESSED   0x00000001   PAD
    0x2007c0d8   COMPRESSED   0x00000020   Data   RW           75    .data.sirena        irq_timer.o
    0x2007c0f8   COMPRESSED   0x00000118   Data   RW           74    .data.song          irq_timer.o
    0x2007c210   COMPRESSED   0x00000004   Data   RW           45    .data.visitOpened   ghost.o
    0x2007c214   COMPRESSED   0x00000004   Data   RW           18    .data.vite          sample.o
    0x2007c218   COMPRESSED   0x00000004   Data   RW           21    .data.xGhostPrecedente  sample.o
    0x2007c21c   COMPRESSED   0x00000004   Data   RW           19    .data.xPacManPrecedente  sample.o
    0x2007c220   COMPRESSED   0x00000004   Data   RW           22    .data.yGhostPrecedente  sample.o
    0x2007c224   COMPRESSED   0x00000004   Data   RW           20    .data.yPacManPrecedente  sample.o
    0x2007c228        -       0x000000e4   Zero   RW          311    .bss                c_w.l(rand.o)
    0x2007c30c        -       0x00000060   Zero   RW          420    .bss                c_w.l(libspace.o)
    0x2007c36c        -       0x00000002   Zero   RW          227    .bss.AD_current     irq_adc.o
    0x2007c36e   COMPRESSED   0x00000002   PAD
    0x2007c370        -       0x00000010   Zero   RW          265    .bss.CAN_RxMsg      lib_can.o
    0x2007c380        -       0x00000004   Zero   RW          263    .bss.CAN_wrFilter.CAN_ext_cnt  lib_can.o
    0x2007c384        -       0x00000004   Zero   RW          262    .bss.CAN_wrFilter.CAN_std_cnt  lib_can.o
    0x2007c388        -       0x00000004   Zero   RW          172    .bss.RIT_IRQHandler.j_down  irq_rit.o
    0x2007c38c        -       0x00000004   Zero   RW          170    .bss.RIT_IRQHandler.j_left  irq_rit.o
    0x2007c390        -       0x00000004   Zero   RW          171    .bss.RIT_IRQHandler.j_right  irq_rit.o
    0x2007c394        -       0x00000004   Zero   RW          169    .bss.RIT_IRQHandler.j_select  irq_rit.o
    0x2007c398        -       0x00000004   Zero   RW          173    .bss.RIT_IRQHandler.j_up  irq_rit.o
    0x2007c39c        -       0x00000001   Zero   RW          168    .bss.RIT_IRQHandler.pausa  irq_rit.o
    0x2007c39d   COMPRESSED   0x00000003   PAD
    0x2007c3a0        -       0x00000004   Zero   RW          174    .bss.RIT_IRQHandler.pressioni  irq_rit.o
    0x2007c3a4        -       0x00000001   Zero   RW           63    .bss.ScaleFlag      system_lpc17xx.o
    0x2007c3a5   COMPRESSED   0x00000003   PAD
    0x2007c3a8        -       0x00000004   Zero   RW           93    .bss.TIMER0_IRQHandler.currentNote  irq_timer.o
    0x2007c3ac        -       0x00000004   Zero   RW           94    .bss.TIMER0_IRQHandler.ticks  irq_timer.o
    0x2007c3b0        -       0x00000004   Zero   RW           98    .bss.TIMER1_IRQHandler.ghostTime  irq_timer.o
    0x2007c3b4        -       0x00000004   Zero   RW           96    .bss.TIMER1_IRQHandler.i  irq_timer.o
    0x2007c3b8        -       0x00000004   Zero   RW           97    .bss.TIMER1_IRQHandler.j  irq_timer.o
    0x2007c3bc        -       0x00000004   Zero   RW           99    .bss.TIMER2_IRQHandler.sineticks  irq_timer.o
    0x2007c3c0        -       0x00000004   Zero   RW           85    .bss.blueGhostSpeed  irq_timer.o
    0x2007c3c4        -       0x00000004   Zero   RW           86    .bss.blueGhostTime  irq_timer.o
    0x2007c3c8        -       0x00000004   Zero   RW          164    .bss.cambiaStato.canzoneGameOver  irq_rit.o
    0x2007c3cc        -       0x00000004   Zero   RW          165    .bss.cambiaStato.canzoneVittoria  irq_rit.o
    0x2007c3d0        -       0x00000004   Zero   RW          166    .bss.cambiaStato.ticks  irq_rit.o
    0x2007c3d4        -       0x00005400   Zero   RW           50    .bss.closed         ghost.o
    0x200817d4        -       0x00000004   Zero   RW           79    .bss.contatore      irq_timer.o
    0x200817d8        -       0x00000004   Zero   RW          156    .bss.down_0         irq_rit.o
    0x200817dc        -       0x00000004   Zero   RW           31    .bss.drawPacMan.firstTime  sample.o
    0x200817e0        -       0x00000004   Zero   RW           30    .bss.drawPacMan.sirenaPlayed  sample.o
    0x200817e4        -       0x00000004   Zero   RW           29    .bss.drawPacMan.ticks  sample.o
    0x200817e8        -       0x00000004   Zero   RW           82    .bss.eated          irq_timer.o
    0x200817ec        -       0x00000004   Zero   RW          163    .bss.firstTime      irq_rit.o
    0x200817f0        -       0x00000004   Zero   RW           89    .bss.gameOver       irq_timer.o
    0x200817f4        -       0x00000004   Zero   RW           23    .bss.ghostEaten     sample.o
    0x200817f8        -       0x00000001   Zero   RW          259    .bss.icr            lib_can.o
    0x200817f9   COMPRESSED   0x00000003   PAD
    0x200817fc        -       0x00000004   Zero   RW          176    .bss.momentoTimer   irq_rit.o
    0x20081800        -       0x00000004   Zero   RW           80    .bss.mosse          irq_timer.o
    0x20081804        -       0x0000001c   Zero   RW           49    .bss.nodoCorrente   ghost.o
    0x20081820        -       0x00000004   Zero   RW          260    .bss.result         lib_can.o
    0x20081824        -       0x00000004   Zero   RW           15    .bss.score          sample.o
    0x20081828        -       0x00000004   Zero   RW           84    .bss.startWaiting   irq_timer.o
    0x2008182c        -       0x00000004   Zero   RW           88    .bss.started        irq_timer.o
    0x20081830        -       0x00000004   Zero   RW          161    .bss.statoPausa     irq_rit.o
    0x20081834        -       0x0000001c   Zero   RW           47    .bss.t              ghost.o
    0x20081850        -       0x00000004   Zero   RW           83    .bss.timerFantasma  irq_timer.o
    0x20081854        -       0x000000ff   Zero   RW           32    .bss.value          sample.o
    0x20081953   COMPRESSED   0x00000001   PAD
    0x20081954        -       0x00000004   Zero   RW           90    .bss.victory        irq_timer.o
    0x20081958        -       0x00000004   Zero   RW           46    .bss.visitClosed    ghost.o
    0x2008195c        -       0x00000004   Zero   RW           25    .bss.xGhost         sample.o
    0x20081960        -       0x00000004   Zero   RW           26    .bss.xPacMan        sample.o
    0x20081964        -       0x00000004   Zero   RW           27    .bss.yGhost         sample.o
    0x20081968        -       0x00000004   Zero   RW           28    .bss.yPacMan        sample.o
    0x2008196c   COMPRESSED   0x00000004   PAD
    0x20081970        -       0x00000000   Zero   RW            2    HEAP                startup_lpc17xx.o
    0x20081970        -       0x00000400   Zero   RW            1    STACK               startup_lpc17xx.o


==============================================================================

Image component sizes


      Code (inc. data)   RO Data    RW Data    ZI Data      Debug   Object Name

        42          0       1520          0          0        668   asciilib.o
      1656         16         24          4      43068       5347   ghost.o
      5926          0          0          0          0      18133   glcd.o
       108          0         32          2          2       1260   irq_adc.o
       154          0          0          0          0       3976   irq_button.o
        88          0          0          0          0       1339   irq_can.o
      1030         28          6         96         53       7499   irq_rit.o
      2164         12          0        414         64       4969   irq_timer.o
       102          0          0          0          0       4716   lib_adc.o
       104          0          0          0          0       5407   lib_button.o
      1270          0          0          0         29       8582   lib_can.o
        82          0          0          0          0       2531   lib_joystick.o
       126          0          0          0          0       4129   lib_rit.o
       282          4          0          0          0       4090   lib_timer.o
       118          0          0          0          0       2609   music.o
      3364         10          3       3099        291      12566   sample.o
        56         22        204          0       1024       1008   startup_lpc17xx.o
       336         20          0          4          1       2132   system_lpc17xx.o

    ----------------------------------------------------------------------
     17028        112       1858       3624      44548      90961   Object Totals
         0          0         64          0          0          0   (incl. Generated)
        20          0          5          5         16          0   (incl. Padding)

    ----------------------------------------------------------------------

      Code (inc. data)   RO Data    RW Data    ZI Data      Debug   Library Member Name

        90          0          0          0          0          0   __dczerorl2.o
         8          0          0          0          0         68   __main.o
       104          0          0          0          0         84   __printf.o
         0          0          0          0          0          0   __rtentry.o
        12          0          0          0          0          0   __rtentry2.o
         6          0          0          0          0          0   __rtentry4.o
        94          8          0          0          0          0   __scatter.o
        28          0          0          0          0          0   __scatter_zi.o
        48          6          0          0          0         96   _printf_char_common.o
         6          0          0          0          0          0   _printf_d.o
       120         16          0          0          0         92   _printf_dec.o
       178          0          0          0          0         88   _printf_intcommon.o
         0          0          0          0          0          0   _printf_percent.o
         4          0          0          0          0          0   _printf_percent_end.o
        10          0          0          0          0         68   _sputc.o
        18          0          0          0          0         80   exit.o
         6          0          0          0          0        152   heapauxi.o
         0          0          0          0          0          0   indicate_semi.o
         2          0          0          0          0          0   libinit.o
         6          0          0          0          0          0   libinit2.o
         2          0          0          0          0          0   libshutdown.o
         2          0          0          0          0          0   libshutdown2.o
         8          4          0          0         96         68   libspace.o
        40          6          0          0          0         84   noretval__2sprintf.o
       112         18          0          0        228        160   rand.o
         2          0          0          0          0          0   rtexit.o
        10          0          0          0          0          0   rtexit2.o
        12          4          0          0          0         68   sys_exit.o
        74          0          0          0          0         80   sys_stackheap_outer.o
        18          0          0          0          0         76   sys_time.o
         2          0          0          0          0         68   use_no_semi.o

    ----------------------------------------------------------------------
      1030         62          0          0        324       1332   Library Totals
         8          0          0          0          0          0   (incl. Padding)

    ----------------------------------------------------------------------

      Code (inc. data)   RO Data    RW Data    ZI Data      Debug   Library Name

      1022         62          0          0        324       1332   c_w.l

    ----------------------------------------------------------------------
      1030         62          0          0        324       1332   Library Totals

    ----------------------------------------------------------------------

==============================================================================


      Code (inc. data)   RO Data    RW Data    ZI Data      Debug   

     18058        174       1858       3624      44872      91465   Grand Totals
     18058        174       1858        440      44872      91465   ELF Image Totals (compressed)
     18058        174       1858        440          0          0   ROM Totals

==============================================================================

    Total RO  Size (Code + RO Data)                19916 (  19.45kB)
    Total RW  Size (RW Data + ZI Data)             48496 (  47.36kB)
    Total ROM Size (Code + RO Data + RW Data)      20356 (  19.88kB)

==============================================================================

